C51 COMPILER V9.54   MAIN                                                                  03/04/2026 13:44:54 PAGE 1   


C51 COMPILER V9.54, COMPILATION OF MODULE MAIN
OBJECT MODULE PLACED IN .\Objects\main.obj
COMPILER INVOKED BY: D:\Keli5 51\Keil5\C51\BIN\C51.EXE main.c OPTIMIZE(8,SPEED) BROWSE DEBUG OBJECTEXTEND PRINT(.\Listin
                    -gs\main.lst) OBJECT(.\Objects\main.obj)

line level    source

   1          #include <REGX52.H>
   2          #include "Delay.h"
   3          #include "UART.h"
   4          unsigned char i;
   5          unsigned char UART[]={0x48,0x65,0x6c,0x6c,0x6f,0x35,0x31,0x21};
   6          
   7          void main()
   8          {       
   9   1              UART_Init();
  10   1              
  11   1              while(1)
  12   1              {
  13   2              for(i=0;i<8;i++)
  14   2              {UART_SendByte(UART[i]);}
  15   2              Delay(1000);
  16   2              if(i>=8){i=0;}
  17   2              }       
  18   1      }       
  19          //
  20          void UART_Rountine()  interrupt 4
  21          {    //判断是谁中断
  22   1          if(RI==1)
  23   1              {
  24   2                      P2=~P2;
  25   2                      
  26   2                      RI=0;
  27   2              }
  28   1              
  29   1      }
  30          
  31          
  32          
  33          


MODULE INFORMATION:   STATIC OVERLAYABLE
   CODE SIZE        =     51    ----
   CONSTANT SIZE    =   ----    ----
   XDATA SIZE       =   ----    ----
   PDATA SIZE       =   ----    ----
   DATA SIZE        =      9    ----
   IDATA SIZE       =   ----    ----
   BIT SIZE         =   ----    ----
END OF MODULE INFORMATION.


C51 COMPILATION COMPLETE.  0 WARNING(S),  0 ERROR(S)
