BL51 BANKED LINKER/LOCATER V6.22                                                        03/04/2026  13:44:54  PAGE 1


BL51 BANKED LINKER/LOCATER V6.22, INVOKED BY:
D:\KELI5 51\KEIL5\C51\BIN\BL51.EXE .\Objects\UART.obj, .\Objects\main.obj, .\Objects\Delay.obj TO .\Objects\PROject PRIN
>> T (.\Listings\PROject.m51) RAMSIZE (256)


MEMORY MODEL: SMALL


INPUT MODULES INCLUDED:
  .\Objects\UART.obj (UART)
  .\Objects\main.obj (MAIN)
  .\Objects\Delay.obj (DELAY)
  D:\KELI5 51\KEIL5\C51\LIB\C51S.LIB (?C_STARTUP)
  D:\KELI5 51\KEIL5\C51\LIB\C51S.LIB (?C_INIT)


LINK MAP OF MODULE:  .\Objects\PROject (UART)


            TYPE    BASE      LENGTH    RELOCATION   SEGMENT NAME
            -----------------------------------------------------

            * * * * * * *   D A T A   M E M O R Y   * * * * * * *
            REG     0000H     0008H     ABSOLUTE     "REG BANK 0"
            DATA    0008H     0009H     UNIT         ?DT?MAIN
            IDATA   0011H     0001H     UNIT         ?STACK

            * * * * * * *   C O D E   M E M O R Y   * * * * * * *
            CODE    0000H     0003H     ABSOLUTE     
            CODE    0003H     001DH     UNIT         ?PR?UART_INIT?UART
                    0020H     0003H                  *** GAP ***
            CODE    0023H     0003H     ABSOLUTE     
            CODE    0026H     008CH     UNIT         ?C_C51STARTUP
            CODE    00B2H     002AH     UNIT         ?PR?MAIN?MAIN
            CODE    00DCH     0011H     UNIT         ?PR?_DELAY?DELAY
            CODE    00EDH     000BH     UNIT         ?C_INITSEG
            CODE    00F8H     0009H     UNIT         ?PR?UART_ROUNTINE?MAIN
            CODE    0101H     0008H     UNIT         ?PR?_UART_SENDBYTE?UART



OVERLAY MAP OF MODULE:   .\Objects\PROject (UART)


SEGMENT
  +--> CALLED SEGMENT
---------------------
?C_C51STARTUP
  +--> ?PR?MAIN?MAIN
  +--> ?C_INITSEG

?PR?MAIN?MAIN
  +--> ?PR?UART_INIT?UART
  +--> ?PR?_UART_SENDBYTE?UART
  +--> ?PR?_DELAY?DELAY



BL51 BANKED LINKER/LOCATER V6.22                                                      03/04/2026  13:44:54  PAGE 2


SYMBOL TABLE OF MODULE:  .\Objects\PROject (UART)

  VALUE           TYPE          NAME
  ----------------------------------

  -------         MODULE        UART
  C:0000H         SYMBOL        _ICE_DUMMY_
  B:00A8H.7       PUBLIC        EA
  B:00A8H.4       PUBLIC        ES
  B:0098H.1       PUBLIC        TI
  B:00B8H.4       PUBLIC        PS
  D:0099H         PUBLIC        SBUF
  D:0087H         PUBLIC        PCON
  C:0003H         PUBLIC        UART_Init
  D:0098H         PUBLIC        SCON
  D:0089H         PUBLIC        TMOD
  C:0101H         PUBLIC        _UART_SendByte
  B:00A8H.3       PUBLIC        ET1
  D:008DH         PUBLIC        TH1
  D:008BH         PUBLIC        TL1
  B:0088H.6       PUBLIC        TR1
  -------         PROC          UART_INIT
  C:0003H         LINE#         5
  C:0003H         LINE#         6
  C:0003H         LINE#         7
  C:0006H         LINE#         8
  C:0009H         LINE#         9
  C:000BH         LINE#         10
  C:000DH         LINE#         11
  C:000FH         LINE#         12
  C:0012H         LINE#         13
  C:0015H         LINE#         14
  C:0018H         LINE#         15
  C:001BH         LINE#         16
  C:001DH         LINE#         17
  C:001FH         LINE#         19
  -------         ENDPROC       UART_INIT
  -------         PROC          _UART_SENDBYTE
  D:0007H         SYMBOL        Byte
  C:0101H         LINE#         21
  C:0101H         LINE#         22
  C:0101H         LINE#         23
  C:0103H         LINE#         24
  C:0106H         LINE#         25
  C:0108H         LINE#         26
  -------         ENDPROC       _UART_SENDBYTE
  -------         ENDMOD        UART

  -------         MODULE        MAIN
  C:0000H         SYMBOL        _ICE_DUMMY_
  D:00A0H         PUBLIC        P2
  B:0098H.0       PUBLIC        RI
  C:00B2H         PUBLIC        main
  D:0008H         PUBLIC        UART
  D:0010H         PUBLIC        i
  C:00F8H         PUBLIC        UART_Rountine
  -------         PROC          MAIN
BL51 BANKED LINKER/LOCATER V6.22                                                      03/04/2026  13:44:54  PAGE 3


  C:00B2H         LINE#         7
  C:00B2H         LINE#         8
  C:00B2H         LINE#         9
  C:00B5H         LINE#         11
  C:00B5H         LINE#         12
  C:00B5H         LINE#         13
  C:00B8H         LINE#         14
  C:00CBH         LINE#         15
  C:00D0H         LINE#         16
  C:00DAH         LINE#         17
  -------         ENDPROC       MAIN
  -------         PROC          UART_ROUNTINE
  C:00F8H         LINE#         20
  C:00F8H         LINE#         22
  C:00FBH         LINE#         23
  C:00FBH         LINE#         24
  C:00FEH         LINE#         26
  C:0100H         LINE#         27
  C:0100H         LINE#         29
  -------         ENDPROC       UART_ROUNTINE
  -------         ENDMOD        MAIN

  -------         MODULE        DELAY
  C:0000H         SYMBOL        _ICE_DUMMY_
  C:00DCH         PUBLIC        _Delay
  -------         PROC          _DELAY
  D:0007H         SYMBOL        xms
  -------         DO            
  D:0006H         SYMBOL        i
  D:0005H         SYMBOL        j
  -------         ENDDO         
  C:00DCH         LINE#         2
  C:00DCH         LINE#         3
  C:00DCH         LINE#         5
  C:00E2H         LINE#         6
  C:00E2H         LINE#         9
  C:00E4H         LINE#         10
  C:00E6H         LINE#         12
  C:00E6H         LINE#         13
  C:00E8H         LINE#         14
  C:00EAH         LINE#         15
  C:00ECH         LINE#         16
  -------         ENDPROC       _DELAY
  -------         ENDMOD        DELAY

Program Size: data=18.0 xdata=0 code=262
LINK/LOCATE RUN COMPLETE.  0 WARNING(S),  0 ERROR(S)
