C51 COMPILER V9.54   UART                                                                  03/04/2026 13:44:54 PAGE 1   


C51 COMPILER V9.54, COMPILATION OF MODULE UART
OBJECT MODULE PLACED IN .\Objects\UART.obj
COMPILER INVOKED BY: D:\Keli5 51\Keil5\C51\BIN\C51.EXE UART.c OPTIMIZE(8,SPEED) BROWSE DEBUG OBJECTEXTEND PRINT(.\Listin
                    -gs\UART.lst) OBJECT(.\Objects\UART.obj)

line level    source

   1          #include <REGX52.H>
   2          
   3          
   4          //串口初始化，参数无，无返回
   5          void UART_Init()     //4800bps@11.0592MHz
   6          {
   7   1              SCON=0x50;  //接收
   8   1              PCON=0x80;   //加倍
   9   1              ES=1;   //单片机接收串口中断
  10   1              EA=1;
  11   1              PS=0;
  12   1              TMOD &= 0x0F;           //设置定时器模式
  13   1              TMOD |= 0x20;           //设置定时器模式
  14   1              TL1 = 0xF4;             //设定定时初值
  15   1              TH1 = 0xF4;             //设定定时器重装值
  16   1              TR1 = 1;                //定时器1开始计时
  17   1              ET1 = 0;                //不需要定时器1中断
  18   1              
  19   1      }       
  20          //串口要发送的一个数据，参数为要发送的一个字节，返回值无
  21          void UART_SendByte(unsigned char Byte)
  22          {
  23   1              SBUF=Byte;
  24   1              while(TI==0);
  25   1              TI=0;
  26   1      }       
  27          
  28          
  29          //单片机接收串口中断函数
  30          //void UART_Routine interrupt 4
  31          //{    //判断是谁中断
  32          //    if(RI==1)
  33          //      {
  34          //              
  35          //              RI=0;
  36          //      }
  37          //      
  38          //}


MODULE INFORMATION:   STATIC OVERLAYABLE
   CODE SIZE        =     37    ----
   CONSTANT SIZE    =   ----    ----
   XDATA SIZE       =   ----    ----
   PDATA SIZE       =   ----    ----
   DATA SIZE        =   ----    ----
   IDATA SIZE       =   ----    ----
   BIT SIZE         =   ----    ----
END OF MODULE INFORMATION.


C51 COMPILATION COMPLETE.  0 WARNING(S),  0 ERROR(S)
