C51 COMPILER V9.54   MAIN                                                                  03/04/2026 15:23:10 PAGE 1   


C51 COMPILER V9.54, COMPILATION OF MODULE MAIN
OBJECT MODULE PLACED IN .\Objects\main.obj
COMPILER INVOKED BY: D:\Keli5 51\Keil5\C51\BIN\C51.EXE main.c OPTIMIZE(8,SPEED) BROWSE DEBUG OBJECTEXTEND PRINT(.\Listin
                    -gs\main.lst) OBJECT(.\Objects\main.obj)

line level    source

   1          #include <REGX52.H>
   2          #include "LCD1602.h" 
   3          #include "Delay.h"
   4          #include "MatrixKey.h"
   5          
   6          unsigned char Keynumber;
   7           void main()
   8           {       LCD_Init();
   9   1               LCD_ShowString(1,1,"MatrixKey:");LCD_ShowNum(2,1,Keynumber,2);
  10   1         while(1)
  11   1         {
  12   2                 
  13   2                 Keynumber=MatrixKey() ;
*** WARNING C206 IN LINE 13 OF main.c: 'MatrixKey': missing function-prototype
  14   2                 if(Keynumber)
  15   2              {
  16   3                     LCD_ShowNum(2,1,Keynumber,2);   
  17   3               }
  18   2         }   
  19   1       }
  20           


MODULE INFORMATION:   STATIC OVERLAYABLE
   CODE SIZE        =     55    ----
   CONSTANT SIZE    =     11    ----
   XDATA SIZE       =   ----    ----
   PDATA SIZE       =   ----    ----
   DATA SIZE        =      1    ----
   IDATA SIZE       =   ----    ----
   BIT SIZE         =   ----    ----
END OF MODULE INFORMATION.


C51 COMPILATION COMPLETE.  1 WARNING(S),  0 ERROR(S)
