BL51 BANKED LINKER/LOCATER V6.22                                                        03/04/2026  15:23:10  PAGE 1


BL51 BANKED LINKER/LOCATER V6.22, INVOKED BY:
D:\KELI5 51\KEIL5\C51\BIN\BL51.EXE .\Objects\main.obj, .\Objects\Delay.obj, .\Objects\LCD1602.obj, .\Objects\MatrixKey.o
>> bj TO .\Objects\Project PRINT (.\Listings\Project.m51) RAMSIZE (256)


MEMORY MODEL: SMALL


INPUT MODULES INCLUDED:
  .\Objects\main.obj (MAIN)
  .\Objects\Delay.obj (DELAY)
  .\Objects\LCD1602.obj (LCD1602)
  .\Objects\MatrixKey.obj (MATRIXKEY)
  D:\KELI5 51\KEIL5\C51\LIB\C51S.LIB (?C_STARTUP)
  D:\KELI5 51\KEIL5\C51\LIB\C51S.LIB (?C?CLDOPTR)
  D:\KELI5 51\KEIL5\C51\LIB\C51S.LIB (?C?IMUL)
  D:\KELI5 51\KEIL5\C51\LIB\C51S.LIB (?C?UIDIV)


LINK MAP OF MODULE:  .\Objects\Project (MAIN)


            TYPE    BASE      LENGTH    RELOCATION   SEGMENT NAME
            -----------------------------------------------------

            * * * * * * *   D A T A   M E M O R Y   * * * * * * *
            REG     0000H     0008H     ABSOLUTE     "REG BANK 0"
            DATA    0008H     0009H     UNIT         _DATA_GROUP_
            DATA    0011H     0007H     UNIT         ?DT?_LCD_SHOWSIGNEDNUM?LCD1602
            DATA    0018H     0005H     UNIT         ?DT?_LCD_SHOWHEXNUM?LCD1602
            DATA    001DH     0005H     UNIT         ?DT?_LCD_SHOWBINNUM?LCD1602
            DATA    0022H     0001H     UNIT         ?DT?MAIN
            IDATA   0023H     0001H     UNIT         ?STACK

            * * * * * * *   C O D E   M E M O R Y   * * * * * * *
            CODE    0000H     0003H     ABSOLUTE     
            CODE    0003H     0189H     UNIT         ?PR?MATRIXKEY?MATRIXKEY
            CODE    018CH     0094H     UNIT         ?C?LIB_CODE
            CODE    0220H     003AH     UNIT         ?PR?_LCD_SHOWSIGNEDNUM?LCD1602
            CODE    025AH     0039H     UNIT         ?PR?_LCD_SHOWHEXNUM?LCD1602
            CODE    0293H     0038H     UNIT         ?PR?_LCD_SHOWBINNUM?LCD1602
            CODE    02CBH     0037H     UNIT         ?PR?MAIN?MAIN
            CODE    0302H     0033H     UNIT         ?PR?_LCD_POW?LCD1602
            CODE    0335H     0023H     UNIT         ?PR?_LCD_SHOWSTRING?LCD1602
            CODE    0358H     001EH     UNIT         ?PR?_LCD_WRITEDATA?LCD1602
            CODE    0376H     001DH     UNIT         ?PR?_LCD_SHOWNUM?LCD1602
            CODE    0393H     0016H     UNIT         ?PR?_LCD_SETCURSOR?LCD1602
            CODE    03A9H     0015H     UNIT         ?PR?_DELAY?DELAY
            CODE    03BEH     0014H     UNIT         ?PR?LCD_INIT?LCD1602
            CODE    03D2H     000FH     UNIT         ?PR?LCD_DELAY?LCD1602
            CODE    03E1H     000CH     UNIT         ?C_C51STARTUP
            CODE    03EDH     000BH     UNIT         ?CO?MAIN
            CODE    03F8H     000AH     UNIT         ?PR?_LCD_WRITECOMMAND?LCD1602
            CODE    0402H     000AH     UNIT         ?PR?_LCD_SHOWCHAR?LCD1602



OVERLAY MAP OF MODULE:   .\Objects\Project (MAIN)
BL51 BANKED LINKER/LOCATER V6.22                                                      03/04/2026  15:23:10  PAGE 2




SEGMENT                                  DATA_GROUP 
  +--> CALLED SEGMENT                  START    LENGTH
------------------------------------------------------
?C_C51STARTUP                          -----    -----
  +--> ?PR?MAIN?MAIN

?PR?MAIN?MAIN                          -----    -----
  +--> ?PR?LCD_INIT?LCD1602
  +--> ?CO?MAIN
  +--> ?PR?_LCD_SHOWSTRING?LCD1602
  +--> ?PR?_LCD_SHOWNUM?LCD1602
  +--> ?PR?MATRIXKEY?MATRIXKEY

?PR?LCD_INIT?LCD1602                   -----    -----
  +--> ?PR?_LCD_WRITECOMMAND?LCD1602

?PR?_LCD_WRITECOMMAND?LCD1602          -----    -----
  +--> ?PR?LCD_DELAY?LCD1602

?PR?_LCD_SHOWSTRING?LCD1602            0008H    0003H
  +--> ?PR?_LCD_SETCURSOR?LCD1602
  +--> ?PR?_LCD_WRITEDATA?LCD1602

?PR?_LCD_SETCURSOR?LCD1602             -----    -----
  +--> ?PR?_LCD_WRITECOMMAND?LCD1602

?PR?_LCD_WRITEDATA?LCD1602             -----    -----
  +--> ?PR?LCD_DELAY?LCD1602

?PR?_LCD_SHOWNUM?LCD1602               0008H    0005H
  +--> ?PR?_LCD_SETCURSOR?LCD1602
  +--> ?PR?_LCD_POW?LCD1602
  +--> ?PR?_LCD_WRITEDATA?LCD1602

?PR?_LCD_POW?LCD1602                   000DH    0004H

?PR?MATRIXKEY?MATRIXKEY                0008H    0001H
  +--> ?PR?_DELAY?DELAY



SYMBOL TABLE OF MODULE:  .\Objects\Project (MAIN)

  VALUE           TYPE          NAME
  ----------------------------------

  -------         MODULE        MAIN
  C:0000H         SYMBOL        _ICE_DUMMY_
  C:02CBH         PUBLIC        main
  D:0022H         PUBLIC        Keynumber
  -------         PROC          MAIN
  C:02CBH         LINE#         7
  C:02CBH         LINE#         8
  C:02CEH         LINE#         9
  C:02EAH         LINE#         10
BL51 BANKED LINKER/LOCATER V6.22                                                      03/04/2026  15:23:10  PAGE 3


  C:02EAH         LINE#         11
  C:02EAH         LINE#         13
  C:02EFH         LINE#         14
  C:02F3H         LINE#         15
  C:02F3H         LINE#         16
  C:0300H         LINE#         17
  C:0300H         LINE#         18
  -------         ENDPROC       MAIN
  -------         ENDMOD        MAIN

  -------         MODULE        DELAY
  C:0000H         SYMBOL        _ICE_DUMMY_
  C:03A9H         PUBLIC        _Delay
  -------         PROC          _DELAY
  D:0006H         SYMBOL        xms
  -------         DO            
  D:0005H         SYMBOL        i
  D:0004H         SYMBOL        j
  -------         ENDDO         
  C:03A9H         LINE#         3
  C:03A9H         LINE#         4
  C:03A9H         LINE#         6
  C:03B3H         LINE#         7
  C:03B3H         LINE#         10
  C:03B5H         LINE#         11
  C:03B7H         LINE#         13
  C:03B7H         LINE#         14
  C:03B9H         LINE#         15
  C:03BBH         LINE#         16
  C:03BDH         LINE#         17
  -------         ENDPROC       _DELAY
  -------         ENDMOD        DELAY

  -------         MODULE        LCD1602
  C:0000H         SYMBOL        _ICE_DUMMY_
  D:0080H         PUBLIC        P0
  D:00A0H         PUBLIC        P2
  C:03F8H         PUBLIC        _LCD_WriteCommand
  C:0376H         PUBLIC        _LCD_ShowNum
  C:0293H         PUBLIC        _LCD_ShowBinNum
  C:03D8H         PUBLIC        LCD_Delay
  C:025AH         PUBLIC        _LCD_ShowHexNum
  C:036CH         PUBLIC        _LCD_WriteData
  B:00A0H.7       PUBLIC        LCD_EN
  C:03BEH         PUBLIC        LCD_Init
  C:0335H         PUBLIC        _LCD_ShowString
  C:0402H         PUBLIC        _LCD_ShowChar
  B:00A0H.6       PUBLIC        LCD_RS
  B:00A0H.5       PUBLIC        LCD_RW
  C:0393H         PUBLIC        _LCD_SetCursor
  C:0220H         PUBLIC        _LCD_ShowSignedNum
  C:030EH         PUBLIC        _LCD_Pow
  -------         PROC          L?0048
  -------         ENDPROC       L?0048
  -------         PROC          LCD_DELAY
  -------         DO            
  D:0007H         SYMBOL        i
BL51 BANKED LINKER/LOCATER V6.22                                                      03/04/2026  15:23:10  PAGE 4


  D:0006H         SYMBOL        j
  -------         ENDDO         
  C:03D8H         LINE#         15
  C:03D8H         LINE#         16
  C:03D8H         LINE#         19
  C:03DAH         LINE#         20
  C:03DCH         LINE#         22
  C:03DCH         LINE#         23
  C:03DEH         LINE#         24
  C:03E0H         LINE#         25
  -------         ENDPROC       LCD_DELAY
  -------         PROC          _LCD_WRITECOMMAND
  D:0007H         SYMBOL        Command
  C:03F8H         LINE#         32
  C:03F8H         LINE#         33
  C:03F8H         LINE#         34
  C:03FAH         LINE#         35
  C:03FAH         LINE#         36
  C:03FAH         LINE#         37
  C:03FAH         LINE#         38
  C:03FDH         LINE#         39
  C:03FFH         LINE#         40
  -------         ENDPROC       _LCD_WRITECOMMAND
  -------         PROC          L?0047
  -------         ENDPROC       L?0047
  -------         PROC          _LCD_WRITEDATA
  D:0007H         SYMBOL        Data
  C:036CH         LINE#         48
  C:036CH         LINE#         49
  C:036CH         LINE#         50
  C:036EH         LINE#         51
  C:036EH         LINE#         52
  C:036EH         LINE#         53
  C:036EH         LINE#         54
  C:0371H         LINE#         55
  C:0373H         LINE#         56
  -------         ENDPROC       _LCD_WRITEDATA
  -------         PROC          _LCD_SETCURSOR
  D:0006H         SYMBOL        Line
  D:0005H         SYMBOL        Column
  C:0393H         LINE#         65
  C:0395H         LINE#         66
  C:0395H         LINE#         67
  C:0398H         LINE#         68
  C:0398H         LINE#         69
  C:039AH         LINE#         70
  C:039CH         LINE#         71
  C:039FH         LINE#         72
  C:039FH         LINE#         73
  C:03A8H         LINE#         74
  C:03A8H         LINE#         75
  -------         ENDPROC       _LCD_SETCURSOR
  -------         PROC          LCD_INIT
  C:03BEH         LINE#         82
  C:03BEH         LINE#         83
  C:03BEH         LINE#         84
  C:03C3H         LINE#         85
BL51 BANKED LINKER/LOCATER V6.22                                                      03/04/2026  15:23:10  PAGE 5


  C:03C8H         LINE#         86
  C:03CDH         LINE#         87
  -------         ENDPROC       LCD_INIT
  -------         PROC          _LCD_SHOWCHAR
  D:0006H         SYMBOL        Line
  D:0005H         SYMBOL        Column
  D:0004H         SYMBOL        Char
  C:0402H         LINE#         97
  C:0404H         LINE#         98
  C:0404H         LINE#         99
  C:0407H         LINE#         100
  -------         ENDPROC       _LCD_SHOWCHAR
  -------         PROC          _LCD_SHOWSTRING
  D:0007H         SYMBOL        Line
  D:0005H         SYMBOL        Column
  D:0008H         SYMBOL        String
  -------         DO            
  D:0005H         SYMBOL        i
  -------         ENDDO         
  C:0335H         LINE#         110
  C:033BH         LINE#         111
  C:033BH         LINE#         113
  C:033EH         LINE#         114
  C:0351H         LINE#         115
  C:0351H         LINE#         116
  C:0354H         LINE#         117
  C:0357H         LINE#         118
  -------         ENDPROC       _LCD_SHOWSTRING
  C:0304H         SYMBOL        L?0046
  -------         PROC          L?0045
  -------         ENDPROC       L?0045
  C:0304H         SYMBOL        L?0046
  -------         PROC          _LCD_POW
  D:000DH         SYMBOL        X
  D:000FH         SYMBOL        Y
  -------         DO            
  D:0003H         SYMBOL        i
  D:0006H         SYMBOL        Result
  -------         ENDDO         
  C:030EH         LINE#         123
  C:0316H         LINE#         124
  C:0316H         LINE#         126
  C:031AH         LINE#         127
  C:032AH         LINE#         128
  C:032AH         LINE#         129
  C:0331H         LINE#         130
  C:0334H         LINE#         131
  C:0334H         LINE#         132
  -------         ENDPROC       _LCD_POW
  -------         PROC          _LCD_SHOWNUM
  D:0007H         SYMBOL        Line
  D:0005H         SYMBOL        Column
  D:000AH         SYMBOL        Number
  D:000CH         SYMBOL        Length
  -------         DO            
  D:0002H         SYMBOL        i
  -------         ENDDO         
BL51 BANKED LINKER/LOCATER V6.22                                                      03/04/2026  15:23:10  PAGE 6


  C:0376H         LINE#         142
  C:037AH         LINE#         143
  C:037AH         LINE#         145
  C:037DH         LINE#         146
  C:0385H         LINE#         147
  C:0385H         LINE#         148
  C:038FH         LINE#         149
  C:0392H         LINE#         150
  -------         ENDPROC       _LCD_SHOWNUM
  -------         PROC          _LCD_SHOWSIGNEDNUM
  D:0007H         SYMBOL        Line
  D:0005H         SYMBOL        Column
  D:0002H         SYMBOL        Number
  D:0015H         SYMBOL        Length
  -------         DO            
  D:0002H         SYMBOL        i
  D:0016H         SYMBOL        Number1
  -------         ENDDO         
  C:0220H         LINE#         160
  C:0220H         LINE#         161
  C:0220H         LINE#         164
  C:0223H         LINE#         165
  C:022BH         LINE#         166
  C:022BH         LINE#         167
  C:0230H         LINE#         168
  C:0234H         LINE#         169
  C:0236H         LINE#         171
  C:0236H         LINE#         172
  C:023BH         LINE#         173
  C:0244H         LINE#         174
  C:0244H         LINE#         175
  C:024CH         LINE#         176
  C:024CH         LINE#         177
  C:0256H         LINE#         178
  C:0259H         LINE#         179
  -------         ENDPROC       _LCD_SHOWSIGNEDNUM
  -------         PROC          _LCD_SHOWHEXNUM
  D:0007H         SYMBOL        Line
  D:0005H         SYMBOL        Column
  D:001AH         SYMBOL        Number
  D:001CH         SYMBOL        Length
  -------         DO            
  D:0002H         SYMBOL        i
  D:0006H         SYMBOL        SingleNumber
  -------         ENDDO         
  C:025AH         LINE#         189
  C:025EH         LINE#         190
  C:025EH         LINE#         192
  C:0261H         LINE#         193
  C:0269H         LINE#         194
  C:0269H         LINE#         195
  C:027FH         LINE#         196
  C:0285H         LINE#         197
  C:0285H         LINE#         198
  C:0287H         LINE#         199
  C:0289H         LINE#         201
  C:0289H         LINE#         202
BL51 BANKED LINKER/LOCATER V6.22                                                      03/04/2026  15:23:10  PAGE 7


  C:028FH         LINE#         203
  C:028FH         LINE#         204
  C:0292H         LINE#         205
  -------         ENDPROC       _LCD_SHOWHEXNUM
  -------         PROC          _LCD_SHOWBINNUM
  D:0007H         SYMBOL        Line
  D:0005H         SYMBOL        Column
  D:001FH         SYMBOL        Number
  D:0021H         SYMBOL        Length
  -------         DO            
  D:0002H         SYMBOL        i
  -------         ENDDO         
  C:0293H         LINE#         215
  C:0297H         LINE#         216
  C:0297H         LINE#         218
  C:029AH         LINE#         219
  C:02A2H         LINE#         220
  C:02A2H         LINE#         221
  C:02C7H         LINE#         222
  C:02CAH         LINE#         223
  -------         ENDPROC       _LCD_SHOWBINNUM
  -------         ENDMOD        LCD1602

  -------         MODULE        MATRIXKEY
  C:0000H         SYMBOL        _ICE_DUMMY_
  D:0090H         PUBLIC        P1
  B:0090H.0       PUBLIC        P1_0
  B:0090H.1       PUBLIC        P1_1
  B:0090H.2       PUBLIC        P1_2
  B:0090H.3       PUBLIC        P1_3
  B:0090H.4       PUBLIC        P1_4
  B:0090H.5       PUBLIC        P1_5
  B:0090H.6       PUBLIC        P1_6
  B:0090H.7       PUBLIC        P1_7
  C:0003H         PUBLIC        MatrixKey
  -------         PROC          MATRIXKEY
  -------         DO            
  D:0008H         SYMBOL        KeyNum
  -------         ENDDO         
  C:0003H         LINE#         3
  C:0003H         LINE#         4
  C:0003H         LINE#         5
  C:0006H         LINE#         6
  C:0009H         LINE#         7
  C:000BH         LINE#         8
  C:0021H         LINE#         9
  C:0038H         LINE#         10
  C:004FH         LINE#         11
  C:0066H         LINE#         13
  C:0069H         LINE#         14
  C:006BH         LINE#         15
  C:0082H         LINE#         16
  C:0099H         LINE#         17
  C:00B0H         LINE#         18
  C:00C7H         LINE#         20
  C:00CAH         LINE#         21
  C:00CCH         LINE#         22
BL51 BANKED LINKER/LOCATER V6.22                                                      03/04/2026  15:23:10  PAGE 8


  C:00E3H         LINE#         23
  C:00FAH         LINE#         24
  C:0111H         LINE#         25
  C:0128H         LINE#         27
  C:012BH         LINE#         28
  C:012DH         LINE#         29
  C:0144H         LINE#         30
  C:015BH         LINE#         31
  C:0172H         LINE#         32
  C:0189H         LINE#         33
  C:018BH         LINE#         34
  -------         ENDPROC       MATRIXKEY
  -------         ENDMOD        MATRIXKEY

  -------         MODULE        ?C?CLDOPTR
  C:018CH         PUBLIC        ?C?CLDOPTR
  -------         ENDMOD        ?C?CLDOPTR

  -------         MODULE        ?C?IMUL
  C:01B9H         PUBLIC        ?C?IMUL
  -------         ENDMOD        ?C?IMUL

  -------         MODULE        ?C?UIDIV
  C:01CBH         PUBLIC        ?C?UIDIV
  -------         ENDMOD        ?C?UIDIV

*** WARNING L16: UNCALLED SEGMENT, IGNORED FOR OVERLAY PROCESS
    SEGMENT: ?PR?_LCD_SHOWCHAR?LCD1602

*** WARNING L16: UNCALLED SEGMENT, IGNORED FOR OVERLAY PROCESS
    SEGMENT: ?PR?_LCD_SHOWSIGNEDNUM?LCD1602

*** WARNING L16: UNCALLED SEGMENT, IGNORED FOR OVERLAY PROCESS
    SEGMENT: ?PR?_LCD_SHOWHEXNUM?LCD1602

*** WARNING L16: UNCALLED SEGMENT, IGNORED FOR OVERLAY PROCESS
    SEGMENT: ?PR?_LCD_SHOWBINNUM?LCD1602

Program Size: data=36.0 xdata=0 code=1036
LINK/LOCATE RUN COMPLETE.  4 WARNING(S),  0 ERROR(S)
