C51 COMPILER V9.54   I2C                                                                   02/24/2026 19:52:42 PAGE 1   


C51 COMPILER V9.54, COMPILATION OF MODULE I2C
OBJECT MODULE PLACED IN .\Objects\I2C.obj
COMPILER INVOKED BY: D:\Keli5 51\Keil5\C51\BIN\C51.EXE I2C.c OPTIMIZE(8,SPEED) BROWSE DEBUG OBJECTEXTEND PRINT(.\Listing
                    -s\I2C.lst) OBJECT(.\Objects\I2C.obj)

line level    source

   1          #include <REGX52.H>
   2          
   3          sbit I2C_SCL=P2^1;
   4          sbit I2C_SDA=P2^0;
   5          /**
   6            * @brief  I2C开始
   7            * @param  无
   8            * @retval 无
   9            */
  10          void I2C_Start(void)
  11                  { //当scl为一的前提是sda稳定，所以先置sda先为一
  12   1                      
  13   1              I2C_SDA=1;
  14   1              I2C_SCL=1;
  15   1              I2C_SDA=0;
  16   1              I2C_SCL=0;
  17   1      
  18   1      }       
  19          
  20          /**
  21            * @brief I2C结束
  22            * @param  无
  23            * @retval 无
  24            */
  25          void I2C_Stop(void)
  26          {       
  27   1              I2C_SDA=0;      //因为SDA不确定为1或0，所以先置0
  28   1              I2C_SCL=1;
  29   1              I2C_SDA=1;
  30   1      
  31   1      }       
  32          
  33          /**
  34            * @brief I2C发送一个字节
  35            * @param  Byte 要发送的一个字节
  36            * @retval 无
  37            */
  38          void I2C_SendByte(unsigned char Byte)
  39          {
  40   1      unsigned char i;
  41   1              
  42   1              for(i=0;i<8;i++)
  43   1              {//SDA不置一因为开始时已经置一
  44   2              I2C_SDA=Byte&(0x80>>i);
  45   2              I2C_SCL=1;
  46   2              I2C_SCL=0;      
  47   2              }
  48   1              
  49   1      }       
  50          /**
  51            * @brief I2C要接受的一个字节 
  52            * @param  无
  53            * @retval Byte 返回读到的字节
  54            */
C51 COMPILER V9.54   I2C                                                                   02/24/2026 19:52:42 PAGE 2   

  55          unsigned char ReceiveByte(void)
  56          {
  57   1              unsigned char i,Byte=0x00;
  58   1              I2C_SDA=1;//使得从位可以进行操作
  59   1              for(i=0;i<8;i++)
  60   1              {
  61   2              I2C_SCL=1;      
  62   2              if(I2C_SDA){Byte|=(0x80>>i);}//if语句用以读每一位的I2C_SDA的数据情况      
  63   2              I2C_SCL=0;
  64   2              }
  65   1              return Byte;
  66   1      }
  67          /**
  68            * @brief  I2C发送应答
  69          * @param  AckBit 发送应答位，0为应答，1为非
  70            * @retval 无
  71            */
  72          void I2C_SendAck(unsigned char AckBit)
  73          {
  74   1              I2C_SDA=AckBit;
  75   1              I2C_SCL=1;
  76   1              I2C_SCL=0;
  77   1      }       
  78          /**
  79            * @brief  I2C接收应答
  80          * @param  无
  81            * @retval AckBit 接收应答位，0为接收应答，1为非
  82            */
  83          unsigned char I2C_ReceiveAck(void)
  84          {       
  85   1              unsigned char AckBit;
  86   1              I2C_SDA=1;//让从位操纵
  87   1              I2C_SCL=1;
  88   1              AckBit=I2C_SDA;
  89   1              I2C_SCL=0;
  90   1              return AckBit;
  91   1      }       
  92          
  93          
  94          
  95          


MODULE INFORMATION:   STATIC OVERLAYABLE
   CODE SIZE        =    109    ----
   CONSTANT SIZE    =   ----    ----
   XDATA SIZE       =   ----    ----
   PDATA SIZE       =   ----    ----
   DATA SIZE        =   ----    ----
   IDATA SIZE       =   ----    ----
   BIT SIZE         =   ----    ----
END OF MODULE INFORMATION.


C51 COMPILATION COMPLETE.  0 WARNING(S),  0 ERROR(S)
