BL51 BANKED LINKER/LOCATER V6.22                                                        03/04/2026  15:38:38  PAGE 1


BL51 BANKED LINKER/LOCATER V6.22, INVOKED BY:
D:\KELI5 51\KEIL5\C51\BIN\BL51.EXE .\Objects\main.obj, .\Objects\Timer0.obj, .\Objects\Key.obj, .\Objects\Nixie.obj TO .
>> \Objects\project PRINT (.\Listings\project.m51) RAMSIZE (256)


MEMORY MODEL: SMALL


INPUT MODULES INCLUDED:
  .\Objects\main.obj (MAIN)
  .\Objects\Timer0.obj (TIMER0)
  .\Objects\Key.obj (KEY)
  .\Objects\Nixie.obj (NIXIE)
  D:\KELI5 51\KEIL5\C51\LIB\C51S.LIB (?C_STARTUP)
  D:\KELI5 51\KEIL5\C51\LIB\C51S.LIB (?C_INIT)


LINK MAP OF MODULE:  .\Objects\project (MAIN)


            TYPE    BASE      LENGTH    RELOCATION   SEGMENT NAME
            -----------------------------------------------------

            * * * * * * *   D A T A   M E M O R Y   * * * * * * *
            REG     0000H     0008H     ABSOLUTE     "REG BANK 0"
            DATA    0008H     0016H     UNIT         ?DT?NIXIE
            DATA    001EH     000CH     UNIT         ?DT?MAIN
            DATA    002AH     0004H     UNIT         ?DT?KEY
            IDATA   002EH     0001H     UNIT         ?STACK

            * * * * * * *   C O D E   M E M O R Y   * * * * * * *
            CODE    0000H     0003H     ABSOLUTE     
            CODE    0003H     0007H     UNIT         ?PR?_NIXIE_SETBUF?NIXIE
                    000AH     0001H                  *** GAP ***
            CODE    000BH     0003H     ABSOLUTE     
            CODE    000EH     00E8H     UNIT         ?PR?MAIN?MAIN
            CODE    00F6H     008CH     UNIT         ?PR?TIMER0_ROUTINE?MAIN
            CODE    0182H     008CH     UNIT         ?C_C51STARTUP
            CODE    020EH     0066H     UNIT         ?PR?_NIXIE_SCAN?NIXIE
            CODE    0274H     0039H     UNIT         ?PR?KEY_LOOP?KEY
            CODE    02ADH     0029H     UNIT         ?PR?SEC_LOOP?MAIN
            CODE    02D6H     001DH     UNIT         ?C_INITSEG
            CODE    02F3H     0019H     UNIT         ?PR?NIXIE_LOOP?NIXIE
            CODE    030CH     0017H     UNIT         ?PR?TIMER0INIT?TIMER0
            CODE    0323H     0016H     UNIT         ?PR?KEY_GETSTATE?KEY
            CODE    0339H     0009H     UNIT         ?PR?KEY?KEY



OVERLAY MAP OF MODULE:   .\Objects\project (MAIN)


SEGMENT
  +--> CALLED SEGMENT
---------------------
?PR?TIMER0_ROUTINE?MAIN
  +--> ?PR?KEY_LOOP?KEY
  +--> ?PR?NIXIE_LOOP?NIXIE
BL51 BANKED LINKER/LOCATER V6.22                                                      03/04/2026  15:38:38  PAGE 2


  +--> ?PR?SEC_LOOP?MAIN

?PR?KEY_LOOP?KEY
  +--> ?PR?KEY_GETSTATE?KEY

?PR?NIXIE_LOOP?NIXIE
  +--> ?PR?_NIXIE_SCAN?NIXIE

*** NEW ROOT ***************************************************

?C_C51STARTUP
  +--> ?PR?MAIN?MAIN
  +--> ?C_INITSEG

?PR?MAIN?MAIN
  +--> ?PR?TIMER0INIT?TIMER0
  +--> ?PR?KEY?KEY
  +--> ?PR?_NIXIE_SETBUF?NIXIE



SYMBOL TABLE OF MODULE:  .\Objects\project (MAIN)

  VALUE           TYPE          NAME
  ----------------------------------

  -------         MODULE        MAIN
  C:0000H         SYMBOL        _ICE_DUMMY_
  C:00F6H         PUBLIC        Timer0_Routine
  B:00A0H.6       PUBLIC        P2_6
  C:02ADH         PUBLIC        Sec_Loop
  B:00A0H.7       PUBLIC        P2_7
  D:0024H         PUBLIC        Min
  C:000EH         PUBLIC        main
  D:0025H         PUBLIC        RunFlag
  D:008CH         PUBLIC        TH0
  D:008AH         PUBLIC        TL0
  D:0026H         PUBLIC        KeyNum
  D:0027H         PUBLIC        Second
  D:0028H         PUBLIC        Grade
  D:0029H         PUBLIC        MiniSecond
  -------         PROC          MAIN
  C:000EH         LINE#         10
  C:000EH         LINE#         11
  C:000EH         LINE#         13
  C:0011H         LINE#         14
  C:0011H         LINE#         15
  C:0011H         LINE#         16
  C:0016H         LINE#         17
  C:001BH         LINE#         18
  C:001BH         LINE#         19
  C:0027H         LINE#         21
  C:0027H         LINE#         22
  C:002CH         LINE#         23
  C:002CH         LINE#         24
  C:002FH         LINE#         25
  C:0031H         LINE#         26
BL51 BANKED LINKER/LOCATER V6.22                                                      03/04/2026  15:38:38  PAGE 3


  C:0033H         LINE#         27
  C:0033H         LINE#         28
  C:0039H         LINE#         29
  C:0039H         LINE#         30
  C:005EH         LINE#         31
  C:005EH         LINE#         32
  C:0060H         LINE#         33
  C:0062H         LINE#         34
  C:0065H         LINE#         35
  C:007CH         LINE#         36
  C:007CH         LINE#         37
  C:007CH         LINE#         38
  C:007CH         LINE#         39
  C:007CH         LINE#         40
  C:0093H         LINE#         41
  C:0093H         LINE#         42
  C:0095H         LINE#         43
  C:0097H         LINE#         44
  C:009AH         LINE#         45
  C:009AH         LINE#         46
  C:009AH         LINE#         48
  C:00A6H         LINE#         49
  C:00B3H         LINE#         50
  C:00BAH         LINE#         51
  C:00C6H         LINE#         52
  C:00D3H         LINE#         53
  C:00DAH         LINE#         54
  C:00E6H         LINE#         55
  C:00F3H         LINE#         57
  -------         ENDPROC       MAIN
  -------         PROC          SEC_LOOP
  C:02ADH         LINE#         60
  C:02ADH         LINE#         61
  C:02ADH         LINE#         62
  C:02B1H         LINE#         63
  C:02B3H         LINE#         64
  C:02BAH         LINE#         65
  C:02BAH         LINE#         66
  C:02BDH         LINE#         67
  C:02BFH         LINE#         68
  C:02BFH         LINE#         69
  C:02C6H         LINE#         70
  C:02C6H         LINE#         71
  C:02C9H         LINE#         72
  C:02CBH         LINE#         73
  C:02CBH         LINE#         74
  C:02D2H         LINE#         75
  C:02D5H         LINE#         76
  C:02D5H         LINE#         77
  -------         ENDPROC       SEC_LOOP
  -------         PROC          TIMER0_ROUTINE
  -------         DO            
  D:001EH         SYMBOL        T0count
  D:0020H         SYMBOL        T0count1
  D:0022H         SYMBOL        T0count2
  -------         ENDDO         
  C:00F6H         LINE#         79
BL51 BANKED LINKER/LOCATER V6.22                                                      03/04/2026  15:38:38  PAGE 4


  C:0113H         LINE#         82
  C:0116H         LINE#         83
  C:0119H         LINE#         84
  C:0121H         LINE#         85
  C:012AH         LINE#         86
  C:012AH         LINE#         87
  C:0130H         LINE#         88
  C:0133H         LINE#         89
  C:0133H         LINE#         90
  C:013BH         LINE#         91
  C:0144H         LINE#         92
  C:0144H         LINE#         93
  C:014AH         LINE#         94
  C:014DH         LINE#         95
  C:014DH         LINE#         96
  C:0155H         LINE#         97
  C:015EH         LINE#         98
  C:015EH         LINE#         99
  C:0164H         LINE#         100
  C:0167H         LINE#         101
  C:0167H         LINE#         103
  -------         ENDPROC       TIMER0_ROUTINE
  -------         ENDMOD        MAIN

  -------         MODULE        TIMER0
  C:0000H         SYMBOL        _ICE_DUMMY_
  B:00A8H.7       PUBLIC        EA
  D:0089H         PUBLIC        TMOD
  B:00A8H.1       PUBLIC        ET0
  B:0088H.5       PUBLIC        TF0
  C:030CH         PUBLIC        Timer0Init
  D:008CH         PUBLIC        TH0
  D:008AH         PUBLIC        TL0
  B:00B8H.1       PUBLIC        PT0
  B:0088H.4       PUBLIC        TR0
  -------         PROC          TIMER0INIT
  C:030CH         LINE#         4
  C:030CH         LINE#         5
  C:030CH         LINE#         7
  C:030FH         LINE#         8
  C:0312H         LINE#         9
  C:0315H         LINE#         10
  C:0318H         LINE#         11
  C:031AH         LINE#         12
  C:031CH         LINE#         13
  C:031EH         LINE#         14
  C:0320H         LINE#         15
  C:0322H         LINE#         16
  -------         ENDPROC       TIMER0INIT
  -------         ENDMOD        TIMER0

  -------         MODULE        KEY
  C:0000H         SYMBOL        _ICE_DUMMY_
  B:00B0H.0       PUBLIC        P3_0
  B:00B0H.1       PUBLIC        P3_1
  B:00B0H.2       PUBLIC        P3_2
  B:00B0H.3       PUBLIC        P3_3
BL51 BANKED LINKER/LOCATER V6.22                                                      03/04/2026  15:38:38  PAGE 5


  D:002CH         PUBLIC        Temp
  C:0274H         PUBLIC        Key_Loop
  C:0339H         PUBLIC        Key
  C:0323H         PUBLIC        Key_GetState
  D:002DH         PUBLIC        Key_KeyNum
  -------         PROC          KEY
  C:0339H         LINE#         5
  C:0339H         LINE#         6
  C:0339H         LINE#         7
  C:033CH         LINE#         8
  C:033FH         LINE#         9
  C:0341H         LINE#         11
  -------         ENDPROC       KEY
  -------         PROC          KEY_GETSTATE
  -------         DO            
  D:0007H         SYMBOL        Keynum
  -------         ENDDO         
  C:0323H         LINE#         13
  C:0323H         LINE#         14
  C:0323H         LINE#         15
  C:0325H         LINE#         16
  C:0329H         LINE#         17
  C:032EH         LINE#         18
  C:0333H         LINE#         19
  C:0338H         LINE#         20
  C:0338H         LINE#         21
  -------         ENDPROC       KEY_GETSTATE
  -------         PROC          KEY_LOOP
  -------         DO            
  D:002AH         SYMBOL        NowState
  D:002BH         SYMBOL        LastState
  -------         ENDDO         
  C:0274H         LINE#         23
  C:0274H         LINE#         24
  C:0274H         LINE#         26
  C:0277H         LINE#         27
  C:027CH         LINE#         28
  C:0285H         LINE#         29
  C:0285H         LINE#         30
  C:0288H         LINE#         31
  C:0288H         LINE#         32
  C:0291H         LINE#         33
  C:0291H         LINE#         34
  C:0294H         LINE#         35
  C:0294H         LINE#         36
  C:029DH         LINE#         37
  C:029DH         LINE#         38
  C:02A0H         LINE#         39
  C:02A0H         LINE#         40
  C:02A9H         LINE#         41
  C:02A9H         LINE#         42
  C:02ACH         LINE#         43
  C:02ACH         LINE#         45
  -------         ENDPROC       KEY_LOOP
  -------         ENDMOD        KEY

  -------         MODULE        NIXIE
BL51 BANKED LINKER/LOCATER V6.22                                                      03/04/2026  15:38:38  PAGE 6


  C:0000H         SYMBOL        _ICE_DUMMY_
  D:0009H         PUBLIC        Nixie_Buf
  D:0080H         PUBLIC        P0
  D:0012H         PUBLIC        Nixietable
  B:00A0H.2       PUBLIC        P2_2
  B:00A0H.3       PUBLIC        P2_3
  B:00A0H.4       PUBLIC        P2_4
  C:0003H         PUBLIC        _Nixie_SetBuf
  C:020EH         PUBLIC        _Nixie_Scan
  C:02F3H         PUBLIC        Nixie_Loop
  -------         PROC          _NIXIE_SETBUF
  D:0007H         SYMBOL        Location
  D:0005H         SYMBOL        Number
  C:0003H         LINE#         8
  C:0003H         LINE#         9
  C:0003H         LINE#         10
  C:0009H         LINE#         11
  -------         ENDPROC       _NIXIE_SETBUF
  -------         PROC          _NIXIE_SCAN
  D:0007H         SYMBOL        location
  D:0005H         SYMBOL        Number
  C:020EH         LINE#         14
  C:020EH         LINE#         15
  C:020EH         LINE#         16
  C:0211H         LINE#         17
  C:023EH         LINE#         18
  C:023EH         LINE#         19
  C:0242H         LINE#         20
  C:0246H         LINE#         21
  C:024AH         LINE#         22
  C:024EH         LINE#         23
  C:0256H         LINE#         24
  C:025EH         LINE#         25
  C:0266H         LINE#         26
  C:026CH         LINE#         27
  C:026CH         LINE#         28
  C:0273H         LINE#         30
  -------         ENDPROC       _NIXIE_SCAN
  -------         PROC          NIXIE_LOOP
  -------         DO            
  D:0008H         SYMBOL        i
  -------         ENDDO         
  C:02F3H         LINE#         32
  C:02F3H         LINE#         33
  C:02F3H         LINE#         35
  C:02FFH         LINE#         36
  C:0301H         LINE#         37
  C:030BH         LINE#         38
  -------         ENDPROC       NIXIE_LOOP
  -------         ENDMOD        NIXIE

Program Size: data=47.0 xdata=0 code=833
LINK/LOCATE RUN COMPLETE.  0 WARNING(S),  0 ERROR(S)
