BL51 BANKED LINKER/LOCATER V6.22                                                        02/13/2026  11:44:58  PAGE 1


BL51 BANKED LINKER/LOCATER V6.22, INVOKED BY:
D:\KELI5 51\KEIL5\C51\BIN\BL51.EXE .\Objects\Timer0.obj, .\Objects\main.obj, .\Objects\Key.obj, .\Objects\Delay.obj, .\O
>> bjects\LCD1602.obj TO .\Objects\Project PRINT (.\Listings\Project.m51) RAMSIZE (256)


MEMORY MODEL: SMALL


INPUT MODULES INCLUDED:
  .\Objects\Timer0.obj (TIMER0)
  .\Objects\main.obj (MAIN)
  .\Objects\Key.obj (KEY)
  .\Objects\Delay.obj (DELAY)
  .\Objects\LCD1602.obj (LCD1602)
  D:\KELI5 51\KEIL5\C51\LIB\C51S.LIB (?C_STARTUP)
  D:\KELI5 51\KEIL5\C51\LIB\C51S.LIB (?C?CLDOPTR)
  D:\KELI5 51\KEIL5\C51\LIB\C51S.LIB (?C?IMUL)
  D:\KELI5 51\KEIL5\C51\LIB\C51S.LIB (?C?UIDIV)


LINK MAP OF MODULE:  .\Objects\Project (TIMER0)


            TYPE    BASE      LENGTH    RELOCATION   SEGMENT NAME
            -----------------------------------------------------

            * * * * * * *   D A T A   M E M O R Y   * * * * * * *
            REG     0000H     0008H     ABSOLUTE     "REG BANK 0"
            DATA    0008H     0007H     UNIT         ?DT?_LCD_SHOWSIGNEDNUM?LCD1602
            DATA    000FH     0005H     UNIT         ?DT?_LCD_SHOWNUM?LCD1602
            DATA    0014H     0005H     UNIT         ?DT?_LCD_SHOWHEXNUM?LCD1602
            DATA    0019H     0005H     UNIT         ?DT?_LCD_SHOWBINNUM?LCD1602
            DATA    001EH     0004H     UNIT         ?DT?MAIN
            DATA    0022H     0004H     UNIT         ?DT?_LCD_POW?LCD1602
            DATA    0026H     0003H     UNIT         ?DT?_LCD_SHOWSTRING?LCD1602
            DATA    0029H     0001H     UNIT         _DATA_GROUP_
            IDATA   002AH     0001H     UNIT         ?STACK

            * * * * * * *   C O D E   M E M O R Y   * * * * * * *
            CODE    0000H     0003H     ABSOLUTE     
                    0003H     0008H                  *** GAP ***
            CODE    000BH     0003H     ABSOLUTE     
            CODE    000EH     0094H     UNIT         ?C?LIB_CODE
            CODE    00A2H     0061H     UNIT         ?PR?KEY?KEY
            CODE    0103H     0054H     UNIT         ?PR?TIMER0_ROUTINE?MAIN
            CODE    0157H     003AH     UNIT         ?PR?_LCD_SHOWSIGNEDNUM?LCD1602
            CODE    0191H     0039H     UNIT         ?PR?_LCD_SHOWHEXNUM?LCD1602
            CODE    01CAH     0038H     UNIT         ?PR?_LCD_SHOWBINNUM?LCD1602
            CODE    0202H     0033H     UNIT         ?PR?_LCD_POW?LCD1602
            CODE    0235H     0023H     UNIT         ?PR?_LCD_SHOWSTRING?LCD1602
            CODE    0258H     001EH     UNIT         ?PR?MAIN?MAIN
            CODE    0276H     001EH     UNIT         ?PR?_LCD_WRITEDATA?LCD1602
            CODE    0294H     001DH     UNIT         ?PR?_LCD_SHOWNUM?LCD1602
            CODE    02B1H     0017H     UNIT         ?PR?TIMER0INIT?TIMER0
            CODE    02C8H     0016H     UNIT         ?PR?_LCD_SETCURSOR?LCD1602
            CODE    02DEH     0015H     UNIT         ?PR?_DELAY?DELAY
            CODE    02F3H     0014H     UNIT         ?PR?LCD_INIT?LCD1602
            CODE    0307H     000FH     UNIT         ?PR?LCD_DELAY?LCD1602
BL51 BANKED LINKER/LOCATER V6.22                                                      02/13/2026  11:44:58  PAGE 2


            CODE    0316H     000CH     UNIT         ?C_C51STARTUP
            CODE    0322H     000AH     UNIT         ?PR?_LCD_WRITECOMMAND?LCD1602
            CODE    032CH     000AH     UNIT         ?PR?_LCD_SHOWCHAR?LCD1602



OVERLAY MAP OF MODULE:   .\Objects\Project (TIMER0)


SEGMENT                                  DATA_GROUP 
  +--> CALLED SEGMENT                  START    LENGTH
------------------------------------------------------
?C_C51STARTUP                          -----    -----
  +--> ?PR?MAIN?MAIN

?PR?MAIN?MAIN                          -----    -----
  +--> ?PR?TIMER0INIT?TIMER0
  +--> ?PR?KEY?KEY

?PR?KEY?KEY                            0029H    0001H
  +--> ?PR?_DELAY?DELAY



SYMBOL TABLE OF MODULE:  .\Objects\Project (TIMER0)

  VALUE           TYPE          NAME
  ----------------------------------

  -------         MODULE        TIMER0
  C:0000H         SYMBOL        _ICE_DUMMY_
  B:00A8H.7       PUBLIC        EA
  D:0089H         PUBLIC        TMOD
  B:00A8H.1       PUBLIC        ET0
  B:0088H.5       PUBLIC        TF0
  C:02B1H         PUBLIC        Timer0Init
  D:008CH         PUBLIC        TH0
  D:008AH         PUBLIC        TL0
  B:00B8H.1       PUBLIC        PT0
  B:0088H.4       PUBLIC        TR0
  -------         PROC          TIMER0INIT
  C:02B1H         LINE#         4
  C:02B1H         LINE#         5
  C:02B1H         LINE#         7
  C:02B4H         LINE#         8
  C:02B7H         LINE#         9
  C:02BAH         LINE#         10
  C:02BDH         LINE#         11
  C:02BFH         LINE#         12
  C:02C1H         LINE#         13
  C:02C3H         LINE#         14
  C:02C5H         LINE#         15
  C:02C7H         LINE#         16
  -------         ENDPROC       TIMER0INIT
  -------         ENDMOD        TIMER0

  -------         MODULE        MAIN
BL51 BANKED LINKER/LOCATER V6.22                                                      02/13/2026  11:44:58  PAGE 3


  C:0000H         SYMBOL        _ICE_DUMMY_
  C:0103H         PUBLIC        Timer0_Routine
  D:00A0H         PUBLIC        P2
  C:0258H         PUBLIC        main
  D:008CH         PUBLIC        TH0
  D:008AH         PUBLIC        TL0
  D:0020H         PUBLIC        Keynum
  D:0021H         PUBLIC        LEDmode
  -------         PROC          MAIN
  C:0258H         LINE#         7
  C:0258H         LINE#         8
  C:0258H         LINE#         9
  C:025BH         LINE#         10
  C:025EH         LINE#         11
  C:025EH         LINE#         12
  C:025EH         LINE#         13
  C:0263H         LINE#         16
  C:0268H         LINE#         17
  C:0268H         LINE#         18
  C:026AH         LINE#         19
  C:0274H         LINE#         20
  C:0274H         LINE#         23
  -------         ENDPROC       MAIN
  -------         PROC          TIMER0_ROUTINE
  -------         DO            
  D:001EH         SYMBOL        T0count
  -------         ENDDO         
  C:0103H         LINE#         26
  C:010EH         LINE#         29
  C:0111H         LINE#         30
  C:0114H         LINE#         31
  C:011CH         LINE#         32
  C:0125H         LINE#         33
  C:0125H         LINE#         35
  C:012BH         LINE#         36
  C:012FH         LINE#         37
  C:012FH         LINE#         38
  C:013CH         LINE#         39
  C:013CH         LINE#         40
  C:0141H         LINE#         41
  C:0141H         LINE#         42
  C:014EH         LINE#         43
  C:014EH         LINE#         44
  C:014EH         LINE#         46
  -------         ENDPROC       TIMER0_ROUTINE
  -------         ENDMOD        MAIN

  -------         MODULE        KEY
  C:0000H         SYMBOL        _ICE_DUMMY_
  B:00B0H.0       PUBLIC        P3_0
  B:00B0H.1       PUBLIC        P3_1
  B:00B0H.2       PUBLIC        P3_2
  B:00B0H.3       PUBLIC        P3_3
  C:00A2H         PUBLIC        Key
  -------         PROC          KEY
  -------         DO            
  D:0029H         SYMBOL        Keynum
BL51 BANKED LINKER/LOCATER V6.22                                                      02/13/2026  11:44:58  PAGE 4


  -------         ENDDO         
  C:00A2H         LINE#         3
  C:00A2H         LINE#         4
  C:00A2H         LINE#         5
  C:00A5H         LINE#         6
  C:00BBH         LINE#         7
  C:00D2H         LINE#         8
  C:00E9H         LINE#         9
  C:0100H         LINE#         10
  C:0102H         LINE#         11
  -------         ENDPROC       KEY
  -------         ENDMOD        KEY

  -------         MODULE        DELAY
  C:0000H         SYMBOL        _ICE_DUMMY_
  C:02DEH         PUBLIC        _Delay
  -------         PROC          _DELAY
  D:0006H         SYMBOL        xms
  -------         DO            
  D:0005H         SYMBOL        i
  D:0004H         SYMBOL        j
  -------         ENDDO         
  C:02DEH         LINE#         2
  C:02DEH         LINE#         3
  C:02DEH         LINE#         5
  C:02E8H         LINE#         6
  C:02E8H         LINE#         9
  C:02EAH         LINE#         10
  C:02ECH         LINE#         12
  C:02ECH         LINE#         13
  C:02EEH         LINE#         14
  C:02F0H         LINE#         15
  C:02F2H         LINE#         16
  -------         ENDPROC       _DELAY
  -------         ENDMOD        DELAY

  -------         MODULE        LCD1602
  C:0000H         SYMBOL        _ICE_DUMMY_
  D:0080H         PUBLIC        P0
  D:00A0H         PUBLIC        P2
  C:0322H         PUBLIC        _LCD_WriteCommand
  C:0294H         PUBLIC        _LCD_ShowNum
  C:01CAH         PUBLIC        _LCD_ShowBinNum
  C:030DH         PUBLIC        LCD_Delay
  C:0191H         PUBLIC        _LCD_ShowHexNum
  C:028AH         PUBLIC        _LCD_WriteData
  B:00A0H.7       PUBLIC        LCD_EN
  C:02F3H         PUBLIC        LCD_Init
  C:0235H         PUBLIC        _LCD_ShowString
  C:032CH         PUBLIC        _LCD_ShowChar
  B:00A0H.6       PUBLIC        LCD_RS
  B:00A0H.5       PUBLIC        LCD_RW
  C:02C8H         PUBLIC        _LCD_SetCursor
  C:0157H         PUBLIC        _LCD_ShowSignedNum
  C:020EH         PUBLIC        _LCD_Pow
  -------         PROC          L?0048
  -------         ENDPROC       L?0048
BL51 BANKED LINKER/LOCATER V6.22                                                      02/13/2026  11:44:58  PAGE 5


  -------         PROC          LCD_DELAY
  -------         DO            
  D:0007H         SYMBOL        i
  D:0006H         SYMBOL        j
  -------         ENDDO         
  C:030DH         LINE#         15
  C:030DH         LINE#         16
  C:030DH         LINE#         19
  C:030FH         LINE#         20
  C:0311H         LINE#         22
  C:0311H         LINE#         23
  C:0313H         LINE#         24
  C:0315H         LINE#         25
  -------         ENDPROC       LCD_DELAY
  -------         PROC          _LCD_WRITECOMMAND
  D:0007H         SYMBOL        Command
  C:0322H         LINE#         32
  C:0322H         LINE#         33
  C:0322H         LINE#         34
  C:0324H         LINE#         35
  C:0324H         LINE#         36
  C:0324H         LINE#         37
  C:0324H         LINE#         38
  C:0327H         LINE#         39
  C:0329H         LINE#         40
  -------         ENDPROC       _LCD_WRITECOMMAND
  -------         PROC          L?0047
  -------         ENDPROC       L?0047
  -------         PROC          _LCD_WRITEDATA
  D:0007H         SYMBOL        Data
  C:028AH         LINE#         48
  C:028AH         LINE#         49
  C:028AH         LINE#         50
  C:028CH         LINE#         51
  C:028CH         LINE#         52
  C:028CH         LINE#         53
  C:028CH         LINE#         54
  C:028FH         LINE#         55
  C:0291H         LINE#         56
  -------         ENDPROC       _LCD_WRITEDATA
  -------         PROC          _LCD_SETCURSOR
  D:0006H         SYMBOL        Line
  D:0005H         SYMBOL        Column
  C:02C8H         LINE#         65
  C:02CAH         LINE#         66
  C:02CAH         LINE#         67
  C:02CDH         LINE#         68
  C:02CDH         LINE#         69
  C:02CFH         LINE#         70
  C:02D1H         LINE#         71
  C:02D4H         LINE#         72
  C:02D4H         LINE#         73
  C:02DDH         LINE#         74
  C:02DDH         LINE#         75
  -------         ENDPROC       _LCD_SETCURSOR
  -------         PROC          LCD_INIT
  C:02F3H         LINE#         82
BL51 BANKED LINKER/LOCATER V6.22                                                      02/13/2026  11:44:58  PAGE 6


  C:02F3H         LINE#         83
  C:02F3H         LINE#         84
  C:02F8H         LINE#         85
  C:02FDH         LINE#         86
  C:0302H         LINE#         87
  -------         ENDPROC       LCD_INIT
  -------         PROC          _LCD_SHOWCHAR
  D:0006H         SYMBOL        Line
  D:0005H         SYMBOL        Column
  D:0004H         SYMBOL        Char
  C:032CH         LINE#         97
  C:032EH         LINE#         98
  C:032EH         LINE#         99
  C:0331H         LINE#         100
  -------         ENDPROC       _LCD_SHOWCHAR
  -------         PROC          _LCD_SHOWSTRING
  D:0007H         SYMBOL        Line
  D:0005H         SYMBOL        Column
  D:0026H         SYMBOL        String
  -------         DO            
  D:0005H         SYMBOL        i
  -------         ENDDO         
  C:0235H         LINE#         110
  C:023BH         LINE#         111
  C:023BH         LINE#         113
  C:023EH         LINE#         114
  C:0251H         LINE#         115
  C:0251H         LINE#         116
  C:0254H         LINE#         117
  C:0257H         LINE#         118
  -------         ENDPROC       _LCD_SHOWSTRING
  C:0204H         SYMBOL        L?0046
  -------         PROC          L?0045
  -------         ENDPROC       L?0045
  C:0204H         SYMBOL        L?0046
  -------         PROC          _LCD_POW
  D:0022H         SYMBOL        X
  D:0024H         SYMBOL        Y
  -------         DO            
  D:0003H         SYMBOL        i
  D:0006H         SYMBOL        Result
  -------         ENDDO         
  C:020EH         LINE#         123
  C:0216H         LINE#         124
  C:0216H         LINE#         126
  C:021AH         LINE#         127
  C:022AH         LINE#         128
  C:022AH         LINE#         129
  C:0231H         LINE#         130
  C:0234H         LINE#         131
  C:0234H         LINE#         132
  -------         ENDPROC       _LCD_POW
  -------         PROC          _LCD_SHOWNUM
  D:0007H         SYMBOL        Line
  D:0005H         SYMBOL        Column
  D:0011H         SYMBOL        Number
  D:0013H         SYMBOL        Length
BL51 BANKED LINKER/LOCATER V6.22                                                      02/13/2026  11:44:58  PAGE 7


  -------         DO            
  D:0002H         SYMBOL        i
  -------         ENDDO         
  C:0294H         LINE#         142
  C:0298H         LINE#         143
  C:0298H         LINE#         145
  C:029BH         LINE#         146
  C:02A3H         LINE#         147
  C:02A3H         LINE#         148
  C:02ADH         LINE#         149
  C:02B0H         LINE#         150
  -------         ENDPROC       _LCD_SHOWNUM
  -------         PROC          _LCD_SHOWSIGNEDNUM
  D:0007H         SYMBOL        Line
  D:0005H         SYMBOL        Column
  D:0002H         SYMBOL        Number
  D:000CH         SYMBOL        Length
  -------         DO            
  D:0002H         SYMBOL        i
  D:000DH         SYMBOL        Number1
  -------         ENDDO         
  C:0157H         LINE#         160
  C:0157H         LINE#         161
  C:0157H         LINE#         164
  C:015AH         LINE#         165
  C:0162H         LINE#         166
  C:0162H         LINE#         167
  C:0167H         LINE#         168
  C:016BH         LINE#         169
  C:016DH         LINE#         171
  C:016DH         LINE#         172
  C:0172H         LINE#         173
  C:017BH         LINE#         174
  C:017BH         LINE#         175
  C:0183H         LINE#         176
  C:0183H         LINE#         177
  C:018DH         LINE#         178
  C:0190H         LINE#         179
  -------         ENDPROC       _LCD_SHOWSIGNEDNUM
  -------         PROC          _LCD_SHOWHEXNUM
  D:0007H         SYMBOL        Line
  D:0005H         SYMBOL        Column
  D:0016H         SYMBOL        Number
  D:0018H         SYMBOL        Length
  -------         DO            
  D:0002H         SYMBOL        i
  D:0006H         SYMBOL        SingleNumber
  -------         ENDDO         
  C:0191H         LINE#         189
  C:0195H         LINE#         190
  C:0195H         LINE#         192
  C:0198H         LINE#         193
  C:01A0H         LINE#         194
  C:01A0H         LINE#         195
  C:01B6H         LINE#         196
  C:01BCH         LINE#         197
  C:01BCH         LINE#         198
BL51 BANKED LINKER/LOCATER V6.22                                                      02/13/2026  11:44:58  PAGE 8


  C:01BEH         LINE#         199
  C:01C0H         LINE#         201
  C:01C0H         LINE#         202
  C:01C6H         LINE#         203
  C:01C6H         LINE#         204
  C:01C9H         LINE#         205
  -------         ENDPROC       _LCD_SHOWHEXNUM
  -------         PROC          _LCD_SHOWBINNUM
  D:0007H         SYMBOL        Line
  D:0005H         SYMBOL        Column
  D:001BH         SYMBOL        Number
  D:001DH         SYMBOL        Length
  -------         DO            
  D:0002H         SYMBOL        i
  -------         ENDDO         
  C:01CAH         LINE#         215
  C:01CEH         LINE#         216
  C:01CEH         LINE#         218
  C:01D1H         LINE#         219
  C:01D9H         LINE#         220
  C:01D9H         LINE#         221
  C:01FEH         LINE#         222
  C:0201H         LINE#         223
  -------         ENDPROC       _LCD_SHOWBINNUM
  -------         ENDMOD        LCD1602

  -------         MODULE        ?C?CLDOPTR
  C:000EH         PUBLIC        ?C?CLDOPTR
  -------         ENDMOD        ?C?CLDOPTR

  -------         MODULE        ?C?IMUL
  C:003BH         PUBLIC        ?C?IMUL
  -------         ENDMOD        ?C?IMUL

  -------         MODULE        ?C?UIDIV
  C:004DH         PUBLIC        ?C?UIDIV
  -------         ENDMOD        ?C?UIDIV

*** WARNING L16: UNCALLED SEGMENT, IGNORED FOR OVERLAY PROCESS
    SEGMENT: ?PR?LCD_INIT?LCD1602

*** WARNING L16: UNCALLED SEGMENT, IGNORED FOR OVERLAY PROCESS
    SEGMENT: ?PR?_LCD_SHOWCHAR?LCD1602

*** WARNING L16: UNCALLED SEGMENT, IGNORED FOR OVERLAY PROCESS
    SEGMENT: ?PR?_LCD_SHOWSTRING?LCD1602

*** WARNING L16: UNCALLED SEGMENT, IGNORED FOR OVERLAY PROCESS
    SEGMENT: ?PR?_LCD_SHOWNUM?LCD1602

*** WARNING L16: UNCALLED SEGMENT, IGNORED FOR OVERLAY PROCESS
    SEGMENT: ?PR?_LCD_SHOWSIGNEDNUM?LCD1602

*** WARNING L16: UNCALLED SEGMENT, IGNORED FOR OVERLAY PROCESS
    SEGMENT: ?PR?_LCD_SHOWHEXNUM?LCD1602

*** WARNING L16: UNCALLED SEGMENT, IGNORED FOR OVERLAY PROCESS
BL51 BANKED LINKER/LOCATER V6.22                                                      02/13/2026  11:44:58  PAGE 9


    SEGMENT: ?PR?_LCD_SHOWBINNUM?LCD1602

Program Size: data=43.0 xdata=0 code=814
LINK/LOCATE RUN COMPLETE.  7 WARNING(S),  0 ERROR(S)
