C51 COMPILER V9.54   MAIN                                                                  04/02/2026 20:02:08 PAGE 1   


C51 COMPILER V9.54, COMPILATION OF MODULE MAIN
OBJECT MODULE PLACED IN .\Objects\main.obj
COMPILER INVOKED BY: D:\Keli5 51\C51\BIN\C51.EXE main.c OPTIMIZE(8,SPEED) BROWSE DEBUG OBJECTEXTEND PRINT(.\Listings\mai
                    -n.lst) TABS(2) OBJECT(.\Objects\main.obj)

line level    source

   1          #include <REGX52.H>
   2          #include "AT24C02.h"
   3          #include "Delay.h"
   4          #include "UART.h"
   5          #include "Key.h"
   6          unsigned char Byte,KeyNum;
   7          void main()
   8          {
   9   1        UART_Init();//串口初始化
  10   1        while(1)
  11   1        {
  12   2        KeyNum=Key();//获取按键的值
  13   2      
  14   2        if(KeyNum==4){Byte=AT24C02_ReadByte(0);UART_SendByte(Byte);}//如果按下此按键，就可以存取当前数值。
  15   2        }   
  16   1      } 
  17          
  18          void UART_Routine() interrupt 4
  19          {  
  20   1          if(RI==1)
  21   1        {
  22   2          Byte=SBUF;//将串口助手的十六进制数据 或文本数据 输入
  23   2          AT24C02_WriteByte(0,Byte);//自动把输入数据保存在芯片
  24   2          Delay(5);//每次保存都要延迟保证数据传输。
  25   2          RI=0;//RI需要手动置0
  26   2        }
  27   1        
  28   1      }


MODULE INFORMATION:   STATIC OVERLAYABLE
   CODE SIZE        =    106    ----
   CONSTANT SIZE    =   ----    ----
   XDATA SIZE       =   ----    ----
   PDATA SIZE       =   ----    ----
   DATA SIZE        =      2    ----
   IDATA SIZE       =   ----    ----
   BIT SIZE         =   ----    ----
END OF MODULE INFORMATION.


C51 COMPILATION COMPLETE.  0 WARNING(S),  0 ERROR(S)
