BL51 BANKED LINKER/LOCATER V6.22                                                        04/02/2026  20:02:08  PAGE 1


BL51 BANKED LINKER/LOCATER V6.22, INVOKED BY:
D:\KELI5 51\C51\BIN\BL51.EXE .\Objects\main.obj, .\Objects\AT24C02.obj, .\Objects\Delay.obj, .\Objects\I2C.obj, .\Object
>> s\UART.obj, .\Objects\Key.obj TO .\Objects\project PRINT (.\Listings\project.m51) RAMSIZE (256)


MEMORY MODEL: SMALL


INPUT MODULES INCLUDED:
  .\Objects\main.obj (MAIN)
  .\Objects\AT24C02.obj (AT24C02)
  .\Objects\Delay.obj (DELAY)
  .\Objects\I2C.obj (I2C)
  .\Objects\UART.obj (UART)
  .\Objects\Key.obj (KEY)
  D:\KELI5 51\C51\LIB\C51S.LIB (?C_STARTUP)


LINK MAP OF MODULE:  .\Objects\project (MAIN)


            TYPE    BASE      LENGTH    RELOCATION   SEGMENT NAME
            -----------------------------------------------------

            * * * * * * *   D A T A   M E M O R Y   * * * * * * *
            REG     0000H     0008H     ABSOLUTE     "REG BANK 0"
            DATA    0008H     0005H     UNIT         _DATA_GROUP_
            DATA    000DH     0002H     UNIT         ?DT?MAIN
            IDATA   000FH     0001H     UNIT         ?STACK

            * * * * * * *   C O D E   M E M O R Y   * * * * * * *
            CODE    0000H     0003H     ABSOLUTE     
            CODE    0003H     001EH     UNIT         ?PR?RECEIVEBYTE?I2C
                    0021H     0002H                  *** GAP ***
            CODE    0023H     0003H     ABSOLUTE     
            CODE    0026H     0061H     UNIT         ?PR?KEY?KEY
            CODE    0087H     0051H     UNIT         ?PR?UART_ROUTINE?MAIN
            CODE    00D8H     0030H     UNIT         ?PR?_AT24C02_READBYTE?AT24C02
            CODE    0108H     0029H     UNIT         ?PR?_I2C_SENDBYTE?I2C
            CODE    0131H     0024H     UNIT         ?PR?_AT24C02_WRITEBYTE?AT24C02
            CODE    0155H     001DH     UNIT         ?PR?UART_INIT?UART
            CODE    0172H     0019H     UNIT         ?PR?MAIN?MAIN
            CODE    018BH     0015H     UNIT         ?PR?_DELAY?DELAY
            CODE    01A0H     000CH     UNIT         ?PR?I2C_RECEIVEACK?I2C
            CODE    01ACH     000CH     UNIT         ?C_C51STARTUP
            CODE    01B8H     000AH     UNIT         ?PR?_I2C_SENDACK?I2C
            CODE    01C2H     0009H     UNIT         ?PR?I2C_START?I2C
            CODE    01CBH     0008H     UNIT         ?PR?_UART_SENDBYTE?UART
            CODE    01D3H     0007H     UNIT         ?PR?I2C_STOP?I2C



OVERLAY MAP OF MODULE:   .\Objects\project (MAIN)


SEGMENT                                  DATA_GROUP 
  +--> CALLED SEGMENT                  START    LENGTH
------------------------------------------------------
BL51 BANKED LINKER/LOCATER V6.22                                                      04/02/2026  20:02:08  PAGE 2


?PR?UART_ROUTINE?MAIN                  -----    -----
  +--> ?PR?_AT24C02_WRITEBYTE?AT24C02
  +--> ?PR?_DELAY?DELAY

?PR?_AT24C02_WRITEBYTE?AT24C02         0008H    0003H
  +--> ?PR?I2C_START?I2C
  +--> ?PR?_I2C_SENDBYTE?I2C
  +--> ?PR?I2C_RECEIVEACK?I2C
  +--> ?PR?I2C_STOP?I2C

*** NEW ROOT ***************************************************

?C_C51STARTUP                          -----    -----
  +--> ?PR?MAIN?MAIN

?PR?MAIN?MAIN                          -----    -----
  +--> ?PR?UART_INIT?UART
  +--> ?PR?KEY?KEY
  +--> ?PR?_AT24C02_READBYTE?AT24C02
  +--> ?PR?_UART_SENDBYTE?UART

?PR?KEY?KEY                            000BH    0001H
  +--> ?PR?_DELAY?DELAY

?PR?_AT24C02_READBYTE?AT24C02          000BH    0002H
  +--> ?PR?I2C_START?I2C
  +--> ?PR?_I2C_SENDBYTE?I2C
  +--> ?PR?I2C_RECEIVEACK?I2C
  +--> ?PR?RECEIVEBYTE?I2C
  +--> ?PR?_I2C_SENDACK?I2C
  +--> ?PR?I2C_STOP?I2C



SYMBOL TABLE OF MODULE:  .\Objects\project (MAIN)

  VALUE           TYPE          NAME
  ----------------------------------

  -------         MODULE        MAIN
  C:0000H         SYMBOL        _ICE_DUMMY_
  C:0087H         PUBLIC        UART_Routine
  D:000DH         PUBLIC        Byte
  B:0098H.0       PUBLIC        RI
  C:0172H         PUBLIC        main
  D:0099H         PUBLIC        SBUF
  D:000EH         PUBLIC        KeyNum
  -------         PROC          MAIN
  C:0172H         LINE#         7
  C:0172H         LINE#         8
  C:0172H         LINE#         9
  C:0175H         LINE#         10
  C:0175H         LINE#         11
  C:0175H         LINE#         12
  C:017AH         LINE#         14
  C:0189H         LINE#         15
  -------         ENDPROC       MAIN
BL51 BANKED LINKER/LOCATER V6.22                                                      04/02/2026  20:02:08  PAGE 3


  -------         PROC          UART_ROUTINE
  C:0087H         LINE#         18
  C:00A4H         LINE#         20
  C:00A7H         LINE#         21
  C:00A7H         LINE#         22
  C:00AAH         LINE#         23
  C:00B4H         LINE#         24
  C:00BBH         LINE#         25
  C:00BDH         LINE#         26
  C:00BDH         LINE#         28
  -------         ENDPROC       UART_ROUTINE
  -------         ENDMOD        MAIN

  -------         MODULE        AT24C02
  C:0000H         SYMBOL        _ICE_DUMMY_
  C:00D8H         PUBLIC        _AT24C02_ReadByte
  C:0131H         PUBLIC        _AT24C02_WriteByte
  -------         PROC          _AT24C02_WRITEBYTE
  D:0008H         SYMBOL        WordAddress
  D:0009H         SYMBOL        Data
  C:0131H         LINE#         11
  C:0137H         LINE#         12
  C:0137H         LINE#         14
  C:013AH         LINE#         15
  C:013FH         LINE#         16
  C:0142H         LINE#         17
  C:0147H         LINE#         18
  C:014AH         LINE#         19
  C:014FH         LINE#         20
  C:0152H         LINE#         21
  -------         ENDPROC       _AT24C02_WRITEBYTE
  -------         PROC          _AT24C02_READBYTE
  D:000BH         SYMBOL        WordAddress
  -------         DO            
  D:000CH         SYMBOL        Data
  -------         ENDDO         
  C:00D8H         LINE#         29
  C:00DAH         LINE#         30
  C:00DAH         LINE#         33
  C:00DDH         LINE#         34
  C:00E2H         LINE#         35
  C:00E5H         LINE#         36
  C:00EAH         LINE#         37
  C:00EDH         LINE#         38
  C:00F0H         LINE#         39
  C:00F5H         LINE#         40
  C:00F8H         LINE#         41
  C:00FDH         LINE#         42
  C:0102H         LINE#         43
  C:0105H         LINE#         44
  C:0107H         LINE#         45
  -------         ENDPROC       _AT24C02_READBYTE
  -------         ENDMOD        AT24C02

  -------         MODULE        DELAY
  C:0000H         SYMBOL        _ICE_DUMMY_
  C:018BH         PUBLIC        _Delay
BL51 BANKED LINKER/LOCATER V6.22                                                      04/02/2026  20:02:08  PAGE 4


  -------         PROC          _DELAY
  D:0006H         SYMBOL        xms
  -------         DO            
  D:0005H         SYMBOL        i
  D:0004H         SYMBOL        j
  -------         ENDDO         
  C:018BH         LINE#         2
  C:018BH         LINE#         3
  C:018BH         LINE#         5
  C:0195H         LINE#         6
  C:0195H         LINE#         9
  C:0197H         LINE#         10
  C:0199H         LINE#         12
  C:0199H         LINE#         13
  C:019BH         LINE#         14
  C:019DH         LINE#         15
  C:019FH         LINE#         16
  -------         ENDPROC       _DELAY
  -------         ENDMOD        DELAY

  -------         MODULE        I2C
  C:0000H         SYMBOL        _ICE_DUMMY_
  B:00A0H.1       PUBLIC        I2C_SCL
  D:00A0H         PUBLIC        P2
  C:01C2H         PUBLIC        I2C_Start
  C:01B8H         PUBLIC        _I2C_SendAck
  C:0108H         PUBLIC        _I2C_SendByte
  C:01D3H         PUBLIC        I2C_Stop
  C:0003H         PUBLIC        ReceiveByte
  C:01A0H         PUBLIC        I2C_ReceiveAck
  B:00A0H.0       PUBLIC        I2C_SDA
  -------         PROC          I2C_START
  C:01C2H         LINE#         10
  C:01C2H         LINE#         11
  C:01C2H         LINE#         13
  C:01C4H         LINE#         14
  C:01C6H         LINE#         15
  C:01C8H         LINE#         16
  C:01CAH         LINE#         18
  -------         ENDPROC       I2C_START
  -------         PROC          I2C_STOP
  C:01D3H         LINE#         25
  C:01D3H         LINE#         26
  C:01D3H         LINE#         27
  C:01D5H         LINE#         28
  C:01D7H         LINE#         29
  C:01D9H         LINE#         31
  -------         ENDPROC       I2C_STOP
  -------         PROC          _I2C_SENDBYTE
  D:0005H         SYMBOL        Byte
  -------         DO            
  D:0003H         SYMBOL        i
  -------         ENDDO         
  C:0108H         LINE#         38
  C:010AH         LINE#         39
  C:010AH         LINE#         42
  C:010CH         LINE#         43
BL51 BANKED LINKER/LOCATER V6.22                                                      04/02/2026  20:02:08  PAGE 5


  C:010CH         LINE#         44
  C:0128H         LINE#         45
  C:012AH         LINE#         46
  C:012CH         LINE#         47
  C:0130H         LINE#         49
  -------         ENDPROC       _I2C_SENDBYTE
  -------         PROC          RECEIVEBYTE
  -------         DO            
  D:0006H         SYMBOL        i
  D:0007H         SYMBOL        Byte
  -------         ENDDO         
  C:0003H         LINE#         55
  C:0003H         LINE#         56
  C:0003H         LINE#         57
  C:0005H         LINE#         58
  C:0007H         LINE#         59
  C:0008H         LINE#         60
  C:0008H         LINE#         61
  C:000AH         LINE#         62
  C:001AH         LINE#         63
  C:001CH         LINE#         64
  C:0020H         LINE#         65
  C:0020H         LINE#         66
  -------         ENDPROC       RECEIVEBYTE
  -------         PROC          _I2C_SENDACK
  D:0007H         SYMBOL        AckBit
  C:01B8H         LINE#         72
  C:01B8H         LINE#         73
  C:01B8H         LINE#         74
  C:01BDH         LINE#         75
  C:01BFH         LINE#         76
  C:01C1H         LINE#         77
  -------         ENDPROC       _I2C_SENDACK
  -------         PROC          I2C_RECEIVEACK
  -------         DO            
  D:0007H         SYMBOL        AckBit
  -------         ENDDO         
  C:01A0H         LINE#         83
  C:01A0H         LINE#         84
  C:01A0H         LINE#         86
  C:01A2H         LINE#         87
  C:01A4H         LINE#         88
  C:01A9H         LINE#         89
  C:01ABH         LINE#         90
  C:01ABH         LINE#         91
  -------         ENDPROC       I2C_RECEIVEACK
  -------         ENDMOD        I2C

  -------         MODULE        UART
  C:0000H         SYMBOL        _ICE_DUMMY_
  B:00A8H.7       PUBLIC        EA
  B:00A8H.4       PUBLIC        ES
  B:0098H.1       PUBLIC        TI
  B:00B8H.4       PUBLIC        PS
  D:0099H         PUBLIC        SBUF
  D:0087H         PUBLIC        PCON
  C:0155H         PUBLIC        UART_Init
BL51 BANKED LINKER/LOCATER V6.22                                                      04/02/2026  20:02:08  PAGE 6


  D:0098H         PUBLIC        SCON
  D:0089H         PUBLIC        TMOD
  C:01CBH         PUBLIC        _UART_SendByte
  B:00A8H.3       PUBLIC        ET1
  D:008DH         PUBLIC        TH1
  D:008BH         PUBLIC        TL1
  B:0088H.6       PUBLIC        TR1
  -------         PROC          UART_INIT
  C:0155H         LINE#         5
  C:0155H         LINE#         6
  C:0155H         LINE#         7
  C:0158H         LINE#         8
  C:015BH         LINE#         9
  C:015DH         LINE#         10
  C:015FH         LINE#         11
  C:0161H         LINE#         12
  C:0164H         LINE#         13
  C:0167H         LINE#         14
  C:016AH         LINE#         15
  C:016DH         LINE#         16
  C:016FH         LINE#         17
  C:0171H         LINE#         19
  -------         ENDPROC       UART_INIT
  -------         PROC          _UART_SENDBYTE
  D:0007H         SYMBOL        Byte
  C:01CBH         LINE#         21
  C:01CBH         LINE#         22
  C:01CBH         LINE#         23
  C:01CDH         LINE#         24
  C:01D0H         LINE#         25
  C:01D2H         LINE#         26
  -------         ENDPROC       _UART_SENDBYTE
  -------         ENDMOD        UART

  -------         MODULE        KEY
  C:0000H         SYMBOL        _ICE_DUMMY_
  B:00B0H.0       PUBLIC        P3_0
  B:00B0H.1       PUBLIC        P3_1
  B:00B0H.2       PUBLIC        P3_2
  B:00B0H.3       PUBLIC        P3_3
  C:0026H         PUBLIC        Key
  -------         PROC          KEY
  -------         DO            
  D:000BH         SYMBOL        Keynum
  -------         ENDDO         
  C:0026H         LINE#         3
  C:0026H         LINE#         4
  C:0026H         LINE#         5
  C:0029H         LINE#         6
  C:003FH         LINE#         7
  C:0056H         LINE#         8
  C:006DH         LINE#         9
  C:0084H         LINE#         10
  C:0086H         LINE#         11
  -------         ENDPROC       KEY
  -------         ENDMOD        KEY

BL51 BANKED LINKER/LOCATER V6.22                                                      04/02/2026  20:02:08  PAGE 7


Program Size: data=16.0 xdata=0 code=472
LINK/LOCATE RUN COMPLETE.  0 WARNING(S),  0 ERROR(S)
