C51 COMPILER V9.54   MAIN                                                                  03/04/2026 15:36:09 PAGE 1   


C51 COMPILER V9.54, COMPILATION OF MODULE MAIN
OBJECT MODULE PLACED IN .\Objects\main.obj
COMPILER INVOKED BY: D:\Keli5 51\Keil5\C51\BIN\C51.EXE main.c OPTIMIZE(8,SPEED) BROWSE DEBUG OBJECTEXTEND PRINT(.\Listin
                    -gs\main.lst) OBJECT(.\Objects\main.obj)

line level    source

   1          #include <REGX52.H>
   2          #include "Timer0.h"
   3          #include "NIXIE.H"
   4          #include "Key.h"
   5          
   6          
   7          unsigned char KeyNum,RunFlag,Grade;
   8          unsigned char Min,Second,MiniSecond;
   9          void main()
  10          {       
  11   1      
  12   1              Timer0Init();
  13   1              while(1)
  14   1              {
  15   2              
  16   2      
  17   2              Nixie_SetBuf(8,10);
  18   2              Nixie_SetBuf(7,10);
  19   2              Nixie_SetBuf(6,10);
  20   2              Nixie_SetBuf(5,Second/10);
  21   2              Nixie_SetBuf(4,Second%10);
  22   2              Nixie_SetBuf(3,10);
  23   2              Nixie_SetBuf(2,10);
  24   2              Nixie_SetBuf(1,10);
  25   2              
  26   2              }
  27   1      }
  28                  
  29                  void Sec_Loop(void)
  30          {
  31   1              
  32   1              MiniSecond++;
  33   1              if(MiniSecond>=100)
  34   1              {
  35   2              MiniSecond=0;
  36   2              Second++;
  37   2              }       
  38   1              if(Second>=60)
  39   1              {
  40   2              Second=0;
  41   2              Min++;
  42   2              }       
  43   1              if(Min>=60)
  44   1              {Min=0;}        
  45   1              
  46   1      }       
  47          
  48          void Timer0_Routine() interrupt 1   
  49          {               
  50   1                      static unsigned int T0count,T0count1,T0count2;
  51   1                      TL0 = 0x66;             //设置定时初值
  52   1                      TH0 = 0xFC;             //设置定时初值
  53   1                      T0count++;
  54   1                      if(T0count>=20)
C51 COMPILER V9.54   MAIN                                                                  03/04/2026 15:36:09 PAGE 2   

  55   1                      {
  56   2                      T0count=0;
  57   2                      Key_Loop();
  58   2                      }
  59   1                      T0count1++;
  60   1                      if(T0count1>=2)
  61   1                      {
  62   2                      T0count1=0;
  63   2                      Nixie_Loop();
  64   2                      }
  65   1                      T0count2++;
  66   1                      if(T0count2>=10)
  67   1                      {
  68   2                      T0count2=0;
  69   2                      Sec_Loop();
  70   2                      }
  71   1                      
  72   1      }
  73          


MODULE INFORMATION:   STATIC OVERLAYABLE
   CODE SIZE        =    249    ----
   CONSTANT SIZE    =   ----    ----
   XDATA SIZE       =   ----    ----
   PDATA SIZE       =   ----    ----
   DATA SIZE        =     12    ----
   IDATA SIZE       =   ----    ----
   BIT SIZE         =   ----    ----
END OF MODULE INFORMATION.


C51 COMPILATION COMPLETE.  0 WARNING(S),  0 ERROR(S)
