BL51 BANKED LINKER/LOCATER V6.22                                                        03/04/2026  15:36:09  PAGE 1


BL51 BANKED LINKER/LOCATER V6.22, INVOKED BY:
D:\KELI5 51\KEIL5\C51\BIN\BL51.EXE .\Objects\main.obj, .\Objects\Timer0.obj, .\Objects\Key.obj, .\Objects\Nixie.obj TO .
>> \Objects\project PRINT (.\Listings\project.m51) RAMSIZE (256)


MEMORY MODEL: SMALL


INPUT MODULES INCLUDED:
  .\Objects\main.obj (MAIN)
  .\Objects\Timer0.obj (TIMER0)
  .\Objects\Key.obj (KEY)
  .\Objects\Nixie.obj (NIXIE)
  D:\KELI5 51\KEIL5\C51\LIB\C51S.LIB (?C_STARTUP)
  D:\KELI5 51\KEIL5\C51\LIB\C51S.LIB (?C_INIT)


LINK MAP OF MODULE:  .\Objects\project (MAIN)


            TYPE    BASE      LENGTH    RELOCATION   SEGMENT NAME
            -----------------------------------------------------

            * * * * * * *   D A T A   M E M O R Y   * * * * * * *
            REG     0000H     0008H     ABSOLUTE     "REG BANK 0"
            DATA    0008H     0016H     UNIT         ?DT?NIXIE
            DATA    001EH     000CH     UNIT         ?DT?MAIN
            DATA    002AH     0004H     UNIT         ?DT?KEY
            IDATA   002EH     0001H     UNIT         ?STACK

            * * * * * * *   C O D E   M E M O R Y   * * * * * * *
            CODE    0000H     0003H     ABSOLUTE     
            CODE    0003H     0007H     UNIT         ?PR?_NIXIE_SETBUF?NIXIE
                    000AH     0001H                  *** GAP ***
            CODE    000BH     0003H     ABSOLUTE     
            CODE    000EH     008CH     UNIT         ?PR?TIMER0_ROUTINE?MAIN
            CODE    009AH     008CH     UNIT         ?C_C51STARTUP
            CODE    0126H     0066H     UNIT         ?PR?_NIXIE_SCAN?NIXIE
            CODE    018CH     0048H     UNIT         ?PR?MAIN?MAIN
            CODE    01D4H     0039H     UNIT         ?PR?KEY_LOOP?KEY
            CODE    020DH     0025H     UNIT         ?PR?SEC_LOOP?MAIN
            CODE    0232H     001DH     UNIT         ?C_INITSEG
            CODE    024FH     0019H     UNIT         ?PR?NIXIE_LOOP?NIXIE
            CODE    0268H     0017H     UNIT         ?PR?TIMER0INIT?TIMER0
            CODE    027FH     0016H     UNIT         ?PR?KEY_GETSTATE?KEY
            CODE    0295H     0009H     UNIT         ?PR?KEY?KEY



OVERLAY MAP OF MODULE:   .\Objects\project (MAIN)


SEGMENT
  +--> CALLED SEGMENT
---------------------
?PR?TIMER0_ROUTINE?MAIN
  +--> ?PR?KEY_LOOP?KEY
  +--> ?PR?NIXIE_LOOP?NIXIE
BL51 BANKED LINKER/LOCATER V6.22                                                      03/04/2026  15:36:09  PAGE 2


  +--> ?PR?SEC_LOOP?MAIN

?PR?KEY_LOOP?KEY
  +--> ?PR?KEY_GETSTATE?KEY

?PR?NIXIE_LOOP?NIXIE
  +--> ?PR?_NIXIE_SCAN?NIXIE

*** NEW ROOT ***************************************************

?C_C51STARTUP
  +--> ?PR?MAIN?MAIN
  +--> ?C_INITSEG

?PR?MAIN?MAIN
  +--> ?PR?TIMER0INIT?TIMER0
  +--> ?PR?_NIXIE_SETBUF?NIXIE



SYMBOL TABLE OF MODULE:  .\Objects\project (MAIN)

  VALUE           TYPE          NAME
  ----------------------------------

  -------         MODULE        MAIN
  C:0000H         SYMBOL        _ICE_DUMMY_
  C:000EH         PUBLIC        Timer0_Routine
  C:020DH         PUBLIC        Sec_Loop
  D:0024H         PUBLIC        Min
  C:018CH         PUBLIC        main
  D:0025H         PUBLIC        RunFlag
  D:008CH         PUBLIC        TH0
  D:008AH         PUBLIC        TL0
  D:0026H         PUBLIC        KeyNum
  D:0027H         PUBLIC        Second
  D:0028H         PUBLIC        Grade
  D:0029H         PUBLIC        MiniSecond
  -------         PROC          MAIN
  C:018CH         LINE#         9
  C:018CH         LINE#         10
  C:018CH         LINE#         12
  C:018FH         LINE#         13
  C:018FH         LINE#         14
  C:018FH         LINE#         17
  C:0196H         LINE#         18
  C:019DH         LINE#         19
  C:01A4H         LINE#         20
  C:01B0H         LINE#         21
  C:01BDH         LINE#         22
  C:01C4H         LINE#         23
  C:01CBH         LINE#         24
  C:01D2H         LINE#         26
  -------         ENDPROC       MAIN
  -------         PROC          SEC_LOOP
  C:020DH         LINE#         29
  C:020DH         LINE#         30
BL51 BANKED LINKER/LOCATER V6.22                                                      03/04/2026  15:36:09  PAGE 3


  C:020DH         LINE#         32
  C:020FH         LINE#         33
  C:0216H         LINE#         34
  C:0216H         LINE#         35
  C:0219H         LINE#         36
  C:021BH         LINE#         37
  C:021BH         LINE#         38
  C:0222H         LINE#         39
  C:0222H         LINE#         40
  C:0225H         LINE#         41
  C:0227H         LINE#         42
  C:0227H         LINE#         43
  C:022EH         LINE#         44
  C:0231H         LINE#         46
  -------         ENDPROC       SEC_LOOP
  -------         PROC          TIMER0_ROUTINE
  -------         DO            
  D:001EH         SYMBOL        T0count
  D:0020H         SYMBOL        T0count1
  D:0022H         SYMBOL        T0count2
  -------         ENDDO         
  C:000EH         LINE#         48
  C:002BH         LINE#         51
  C:002EH         LINE#         52
  C:0031H         LINE#         53
  C:0039H         LINE#         54
  C:0042H         LINE#         55
  C:0042H         LINE#         56
  C:0048H         LINE#         57
  C:004BH         LINE#         58
  C:004BH         LINE#         59
  C:0053H         LINE#         60
  C:005CH         LINE#         61
  C:005CH         LINE#         62
  C:0062H         LINE#         63
  C:0065H         LINE#         64
  C:0065H         LINE#         65
  C:006DH         LINE#         66
  C:0076H         LINE#         67
  C:0076H         LINE#         68
  C:007CH         LINE#         69
  C:007FH         LINE#         70
  C:007FH         LINE#         72
  -------         ENDPROC       TIMER0_ROUTINE
  -------         ENDMOD        MAIN

  -------         MODULE        TIMER0
  C:0000H         SYMBOL        _ICE_DUMMY_
  B:00A8H.7       PUBLIC        EA
  D:0089H         PUBLIC        TMOD
  B:00A8H.1       PUBLIC        ET0
  B:0088H.5       PUBLIC        TF0
  C:0268H         PUBLIC        Timer0Init
  D:008CH         PUBLIC        TH0
  D:008AH         PUBLIC        TL0
  B:00B8H.1       PUBLIC        PT0
  B:0088H.4       PUBLIC        TR0
BL51 BANKED LINKER/LOCATER V6.22                                                      03/04/2026  15:36:09  PAGE 4


  -------         PROC          TIMER0INIT
  C:0268H         LINE#         4
  C:0268H         LINE#         5
  C:0268H         LINE#         7
  C:026BH         LINE#         8
  C:026EH         LINE#         9
  C:0271H         LINE#         10
  C:0274H         LINE#         11
  C:0276H         LINE#         12
  C:0278H         LINE#         13
  C:027AH         LINE#         14
  C:027CH         LINE#         15
  C:027EH         LINE#         16
  -------         ENDPROC       TIMER0INIT
  -------         ENDMOD        TIMER0

  -------         MODULE        KEY
  C:0000H         SYMBOL        _ICE_DUMMY_
  B:00B0H.0       PUBLIC        P3_0
  B:00B0H.1       PUBLIC        P3_1
  B:00B0H.2       PUBLIC        P3_2
  B:00B0H.3       PUBLIC        P3_3
  D:002CH         PUBLIC        Temp
  C:01D4H         PUBLIC        Key_Loop
  C:0295H         PUBLIC        Key
  C:027FH         PUBLIC        Key_GetState
  D:002DH         PUBLIC        Key_KeyNum
  -------         PROC          KEY
  C:0295H         LINE#         5
  C:0295H         LINE#         6
  C:0295H         LINE#         7
  C:0298H         LINE#         8
  C:029BH         LINE#         9
  C:029DH         LINE#         11
  -------         ENDPROC       KEY
  -------         PROC          KEY_GETSTATE
  -------         DO            
  D:0007H         SYMBOL        Keynum
  -------         ENDDO         
  C:027FH         LINE#         13
  C:027FH         LINE#         14
  C:027FH         LINE#         15
  C:0281H         LINE#         16
  C:0285H         LINE#         17
  C:028AH         LINE#         18
  C:028FH         LINE#         19
  C:0294H         LINE#         20
  C:0294H         LINE#         21
  -------         ENDPROC       KEY_GETSTATE
  -------         PROC          KEY_LOOP
  -------         DO            
  D:002AH         SYMBOL        NowState
  D:002BH         SYMBOL        LastState
  -------         ENDDO         
  C:01D4H         LINE#         23
  C:01D4H         LINE#         24
  C:01D4H         LINE#         26
BL51 BANKED LINKER/LOCATER V6.22                                                      03/04/2026  15:36:09  PAGE 5


  C:01D7H         LINE#         27
  C:01DCH         LINE#         28
  C:01E5H         LINE#         29
  C:01E5H         LINE#         30
  C:01E8H         LINE#         31
  C:01E8H         LINE#         32
  C:01F1H         LINE#         33
  C:01F1H         LINE#         34
  C:01F4H         LINE#         35
  C:01F4H         LINE#         36
  C:01FDH         LINE#         37
  C:01FDH         LINE#         38
  C:0200H         LINE#         39
  C:0200H         LINE#         40
  C:0209H         LINE#         41
  C:0209H         LINE#         42
  C:020CH         LINE#         43
  C:020CH         LINE#         45
  -------         ENDPROC       KEY_LOOP
  -------         ENDMOD        KEY

  -------         MODULE        NIXIE
  C:0000H         SYMBOL        _ICE_DUMMY_
  D:0009H         PUBLIC        Nixie_Buf
  D:0080H         PUBLIC        P0
  D:0012H         PUBLIC        Nixietable
  B:00A0H.2       PUBLIC        P2_2
  B:00A0H.3       PUBLIC        P2_3
  B:00A0H.4       PUBLIC        P2_4
  C:0003H         PUBLIC        _Nixie_SetBuf
  C:0126H         PUBLIC        _Nixie_Scan
  C:024FH         PUBLIC        Nixie_Loop
  -------         PROC          _NIXIE_SETBUF
  D:0007H         SYMBOL        Location
  D:0005H         SYMBOL        Number
  C:0003H         LINE#         8
  C:0003H         LINE#         9
  C:0003H         LINE#         10
  C:0009H         LINE#         11
  -------         ENDPROC       _NIXIE_SETBUF
  -------         PROC          _NIXIE_SCAN
  D:0007H         SYMBOL        location
  D:0005H         SYMBOL        Number
  C:0126H         LINE#         14
  C:0126H         LINE#         15
  C:0126H         LINE#         16
  C:0129H         LINE#         17
  C:0156H         LINE#         18
  C:0156H         LINE#         19
  C:015AH         LINE#         20
  C:015EH         LINE#         21
  C:0162H         LINE#         22
  C:0166H         LINE#         23
  C:016EH         LINE#         24
  C:0176H         LINE#         25
  C:017EH         LINE#         26
  C:0184H         LINE#         27
BL51 BANKED LINKER/LOCATER V6.22                                                      03/04/2026  15:36:09  PAGE 6


  C:0184H         LINE#         28
  C:018BH         LINE#         30
  -------         ENDPROC       _NIXIE_SCAN
  -------         PROC          NIXIE_LOOP
  -------         DO            
  D:0008H         SYMBOL        i
  -------         ENDDO         
  C:024FH         LINE#         32
  C:024FH         LINE#         33
  C:024FH         LINE#         35
  C:025BH         LINE#         36
  C:025DH         LINE#         37
  C:0267H         LINE#         38
  -------         ENDPROC       NIXIE_LOOP
  -------         ENDMOD        NIXIE

*** WARNING L16: UNCALLED SEGMENT, IGNORED FOR OVERLAY PROCESS
    SEGMENT: ?PR?KEY?KEY

Program Size: data=47.0 xdata=0 code=669
LINK/LOCATE RUN COMPLETE.  1 WARNING(S),  0 ERROR(S)
