C51 COMPILER V9.54   MAIN                                                                  02/13/2026 11:44:58 PAGE 1   


C51 COMPILER V9.54, COMPILATION OF MODULE MAIN
OBJECT MODULE PLACED IN .\Objects\main.obj
COMPILER INVOKED BY: D:\Keli5 51\Keil5\C51\BIN\C51.EXE main.c OPTIMIZE(8,SPEED) BROWSE DEBUG OBJECTEXTEND PRINT(.\Listin
                    -gs\main.lst) OBJECT(.\Objects\main.obj)

line level    source

   1          #include <REGX52.H>
   2          #include "Timer0.h"
   3          #include "Key.h"
   4          #include <INTRINS.h>
   5          unsigned char Keynum,LEDmode;
   6          
   7          void main()
   8          {
   9   1              P2=0xFE;
  10   1              Timer0Init();
  11   1              while(1)
  12   1       {   
  13   2               Keynum=Key();
  14   2      //       if(Keynum)
  15   2      //       {
  16   2              if(Keynum==1)
  17   2              {
  18   3              LEDmode++;
  19   3              if(LEDmode>=2){LEDmode=0;}      
  20   3              }
  21   2              
  22   2      //  }
  23   2      }       
  24   1      }       
  25          
  26          void Timer0_Routine() interrupt 1
  27          {               
  28   1                      static unsigned int T0count;
  29   1                      TL0 = 0x66;             //设置定时初值
  30   1                      TH0 = 0xFC;             //设置定时初值
  31   1                      T0count++;
  32   1                      if(T0count>=500)
  33   1                      {
  34   2                      
  35   2                      T0count=0;
  36   2                      if(LEDmode==0)
  37   2                      {
  38   3                      P2=_crol_(P2,1);        
  39   3                      }       
  40   2                      if(LEDmode==1)
  41   2                      {
  42   3                      P2=_cror_(P2,1);
  43   3                      }
  44   2                      }
  45   1                      
  46   1      }
  47          
  48          
  49          


MODULE INFORMATION:   STATIC OVERLAYABLE
   CODE SIZE        =    114    ----
   CONSTANT SIZE    =   ----    ----
C51 COMPILER V9.54   MAIN                                                                  02/13/2026 11:44:58 PAGE 2   

   XDATA SIZE       =   ----    ----
   PDATA SIZE       =   ----    ----
   DATA SIZE        =      4    ----
   IDATA SIZE       =   ----    ----
   BIT SIZE         =   ----    ----
END OF MODULE INFORMATION.


C51 COMPILATION COMPLETE.  0 WARNING(S),  0 ERROR(S)
