BL51 BANKED LINKER/LOCATER V6.22                                                        02/22/2026  23:46:57  PAGE 1


BL51 BANKED LINKER/LOCATER V6.22, INVOKED BY:
D:\KELI5 51\KEIL5\C51\BIN\BL51.EXE .\Objects\main.obj, .\Objects\Timer0.obj TO .\Objects\第四周项目 PRINT (.\Listings\第
>> 四周项目.m51) RAMSIZE (256)


MEMORY MODEL: SMALL


INPUT MODULES INCLUDED:
  .\Objects\main.obj (MAIN)
  .\Objects\Timer0.obj (TIMER0)
  D:\KELI5 51\KEIL5\C51\LIB\C51S.LIB (?C_STARTUP)


LINK MAP OF MODULE:  .\Objects\第四周项目 (MAIN)


            TYPE    BASE      LENGTH    RELOCATION   SEGMENT NAME
            -----------------------------------------------------

            * * * * * * *   D A T A   M E M O R Y   * * * * * * *
            REG     0000H     0008H     ABSOLUTE     "REG BANK 0"
            DATA    0008H     0002H     UNIT         ?DT?MAIN
            IDATA   000AH     0001H     UNIT         ?STACK

            * * * * * * *   C O D E   M E M O R Y   * * * * * * *
            CODE    0000H     0003H     ABSOLUTE     
            CODE    0003H     0005H     UNIT         ?PR?MAIN?MAIN
                    0008H     0003H                  *** GAP ***
            CODE    000BH     0003H     ABSOLUTE     
            CODE    000EH     0028H     UNIT         ?PR?TIMER0_ROUTINE?MAIN
            CODE    0036H     0017H     UNIT         ?PR?TIMER0INIT?TIMER0
            CODE    004DH     000CH     UNIT         ?C_C51STARTUP



OVERLAY MAP OF MODULE:   .\Objects\第四周项目 (MAIN)


SEGMENT
  +--> CALLED SEGMENT
---------------------
?C_C51STARTUP
  +--> ?PR?MAIN?MAIN

?PR?MAIN?MAIN
  +--> ?PR?TIMER0INIT?TIMER0



SYMBOL TABLE OF MODULE:  .\Objects\第四周项目 (MAIN)

  VALUE           TYPE          NAME
  ----------------------------------

  -------         MODULE        MAIN
  C:0000H         SYMBOL        _ICE_DUMMY_
  C:000EH         PUBLIC        Timer0_Routine
BL51 BANKED LINKER/LOCATER V6.22                                                      02/22/2026  23:46:57  PAGE 2


  B:00A0H.0       PUBLIC        P2_0
  C:0003H         PUBLIC        main
  D:008CH         PUBLIC        TH0
  D:008AH         PUBLIC        TL0
  -------         PROC          MAIN
  C:0003H         LINE#         3
  C:0003H         LINE#         4
  C:0003H         LINE#         5
  C:0006H         LINE#         6
  C:0006H         LINE#         7
  C:0006H         LINE#         9
  -------         ENDPROC       MAIN
  -------         PROC          TIMER0_ROUTINE
  -------         DO            
  D:0008H         SYMBOL        T0count
  -------         ENDDO         
  C:000EH         LINE#         12
  C:0012H         LINE#         15
  C:0015H         LINE#         16
  C:0018H         LINE#         17
  C:0020H         LINE#         18
  C:0029H         LINE#         19
  C:0029H         LINE#         20
  C:002FH         LINE#         21
  C:0031H         LINE#         22
  C:0031H         LINE#         23
  -------         ENDPROC       TIMER0_ROUTINE
  -------         ENDMOD        MAIN

  -------         MODULE        TIMER0
  C:0000H         SYMBOL        _ICE_DUMMY_
  B:00A8H.7       PUBLIC        EA
  D:0089H         PUBLIC        TMOD
  B:00A8H.1       PUBLIC        ET0
  B:0088H.5       PUBLIC        TF0
  C:0036H         PUBLIC        Timer0Init
  D:008CH         PUBLIC        TH0
  D:008AH         PUBLIC        TL0
  B:00B8H.1       PUBLIC        PT0
  B:0088H.4       PUBLIC        TR0
  -------         PROC          TIMER0INIT
  C:0036H         LINE#         4
  C:0036H         LINE#         5
  C:0036H         LINE#         7
  C:0039H         LINE#         8
  C:003CH         LINE#         9
  C:003FH         LINE#         10
  C:0042H         LINE#         11
  C:0044H         LINE#         12
  C:0046H         LINE#         13
  C:0048H         LINE#         14
  C:004AH         LINE#         15
  C:004CH         LINE#         16
  -------         ENDPROC       TIMER0INIT
  -------         ENDMOD        TIMER0

Program Size: data=11.0 xdata=0 code=86
BL51 BANKED LINKER/LOCATER V6.22                                                      02/22/2026  23:46:57  PAGE 3


LINK/LOCATE RUN COMPLETE.  0 WARNING(S),  0 ERROR(S)
