BL51 BANKED LINKER/LOCATER V6.22                                                        03/04/2026  13:59:51  PAGE 1


BL51 BANKED LINKER/LOCATER V6.22, INVOKED BY:
D:\KELI5 51\KEIL5\C51\BIN\BL51.EXE .\Objects\main.obj TO .\Objects\Project PRINT (.\Listings\Project.m51) RAMSIZE (256)


MEMORY MODEL: SMALL


INPUT MODULES INCLUDED:
  .\Objects\main.obj (MAIN)
  D:\KELI5 51\KEIL5\C51\LIB\C51S.LIB (?C_STARTUP)
  D:\KELI5 51\KEIL5\C51\LIB\C51S.LIB (?C_INIT)


LINK MAP OF MODULE:  .\Objects\Project (MAIN)


            TYPE    BASE      LENGTH    RELOCATION   SEGMENT NAME
            -----------------------------------------------------

            * * * * * * *   D A T A   M E M O R Y   * * * * * * *
            REG     0000H     0008H     ABSOLUTE     "REG BANK 0"
            DATA    0008H     000AH     UNIT         ?DT?MAIN
            DATA    0012H     0002H     UNIT         _DATA_GROUP_
            IDATA   0014H     0001H     UNIT         ?STACK

            * * * * * * *   C O D E   M E M O R Y   * * * * * * *
            CODE    0000H     0003H     ABSOLUTE     
            CODE    0003H     008CH     UNIT         ?C_C51STARTUP
            CODE    008FH     006EH     UNIT         ?PR?_NIXIE?MAIN
            CODE    00FDH     003AH     UNIT         ?PR?MAIN?MAIN
            CODE    0137H     0015H     UNIT         ?PR?_DELAY?MAIN
            CODE    014CH     000DH     UNIT         ?C_INITSEG



OVERLAY MAP OF MODULE:   .\Objects\Project (MAIN)


SEGMENT                          DATA_GROUP 
  +--> CALLED SEGMENT          START    LENGTH
----------------------------------------------
?C_C51STARTUP                  -----    -----
  +--> ?PR?MAIN?MAIN
  +--> ?C_INITSEG

?PR?MAIN?MAIN                  -----    -----
  +--> ?PR?_NIXIE?MAIN

?PR?_NIXIE?MAIN                -----    -----
  +--> ?PR?_DELAY?MAIN

?PR?_DELAY?MAIN                0012H    0002H



SYMBOL TABLE OF MODULE:  .\Objects\Project (MAIN)

  VALUE           TYPE          NAME
BL51 BANKED LINKER/LOCATER V6.22                                                      03/04/2026  13:59:51  PAGE 2


  ----------------------------------

  -------         MODULE        MAIN
  C:0000H         SYMBOL        _ICE_DUMMY_
  C:0092H         PUBLIC        _Nixie
  D:0080H         PUBLIC        P0
  D:0008H         PUBLIC        Nixietable
  B:00A0H.2       PUBLIC        P2_2
  B:00A0H.3       PUBLIC        P2_3
  B:00A0H.4       PUBLIC        P2_4
  C:00FDH         PUBLIC        main
  C:0137H         PUBLIC        _Delay
  -------         PROC          _DELAY
  D:0007H         SYMBOL        xms
  -------         DO            
  D:0012H         SYMBOL        i
  D:0013H         SYMBOL        j
  -------         ENDDO         
  C:0137H         LINE#         2
  C:0137H         LINE#         3
  C:0137H         LINE#         4
  C:013DH         LINE#         5
  C:013DH         LINE#         8
  C:0140H         LINE#         9
  C:0143H         LINE#         11
  C:0143H         LINE#         12
  C:0146H         LINE#         13
  C:0149H         LINE#         14
  C:014BH         LINE#         15
  -------         ENDPROC       _DELAY
  -------         PROC          L?0028
  -------         ENDPROC       L?0028
  -------         PROC          _NIXIE
  D:0007H         SYMBOL        location
  D:0004H         SYMBOL        number
  C:0092H         LINE#         18
  C:0092H         LINE#         19
  C:0092H         LINE#         20
  C:00BFH         LINE#         21
  C:00BFH         LINE#         22
  C:00C3H         LINE#         23
  C:00C7H         LINE#         24
  C:00CBH         LINE#         25
  C:00CFH         LINE#         26
  C:00D7H         LINE#         27
  C:00DFH         LINE#         28
  C:00E7H         LINE#         29
  C:00EDH         LINE#         30
  C:00EDH         LINE#         31
  C:00F4H         LINE#         32
  C:00F9H         LINE#         33
  C:00FCH         LINE#         34
  -------         ENDPROC       _NIXIE
  -------         PROC          MAIN
  C:00FDH         LINE#         35
  C:00FDH         LINE#         36
  C:00FDH         LINE#         37
BL51 BANKED LINKER/LOCATER V6.22                                                      03/04/2026  13:59:51  PAGE 3


  C:00FDH         LINE#         38
  C:0105H         LINE#         40
  C:0108H         LINE#         42
  C:010BH         LINE#         44
  C:0111H         LINE#         46
  C:0117H         LINE#         48
  C:011DH         LINE#         50
  C:0123H         LINE#         52
  C:0129H         LINE#         54
  C:012FH         LINE#         56
  C:0135H         LINE#         58
  -------         ENDPROC       MAIN
  -------         ENDMOD        MAIN

Program Size: data=21.0 xdata=0 code=345
LINK/LOCATE RUN COMPLETE.  0 WARNING(S),  0 ERROR(S)
