C51 COMPILER V9.54   AT24C02                                                               02/24/2026 19:52:42 PAGE 1   


C51 COMPILER V9.54, COMPILATION OF MODULE AT24C02
OBJECT MODULE PLACED IN .\Objects\AT24C02.obj
COMPILER INVOKED BY: D:\Keli5 51\Keil5\C51\BIN\C51.EXE AT24C02.c OPTIMIZE(8,SPEED) BROWSE DEBUG OBJECTEXTEND PRINT(.\Lis
                    -tings\AT24C02.lst) OBJECT(.\Objects\AT24C02.obj)

line level    source

   1          #include <REGX52.H>
   2          #include "I2C.h"
   3          
   4          #define AT24C02_ADDRESS 0xa0
   5          /**
   6            * @brief AT24C02写入一个字节
   7            * @param  WordAddress是字的地址
   8            * @param  Data 要写入字节的数据
   9            * @retval 无
  10            */
  11          void AT24C02_WriteByte(unsigned char WordAddress,Data)
  12          {
  13   1      
  14   1              I2C_Start();
  15   1              I2C_SendByte(AT24C02_ADDRESS);
  16   1              I2C_ReceiveAck();
  17   1              I2C_SendByte(WordAddress);
  18   1              I2C_ReceiveAck();
  19   1              I2C_SendByte(Data);
  20   1              I2C_ReceiveAck();
  21   1              I2C_Stop();
  22   1      }       
  23          
  24          /**
  25            * @brief  AT24C02 读取一个字节
  26            * @param  WordAddress 要写入字节的地址
  27            * @retval Data 读出的数据   
  28            */
  29          unsigned char AT24C02_ReadByte(unsigned char WordAddress)
  30          {
  31   1      unsigned char Data;
  32   1              
  33   1              I2C_Start();
  34   1              I2C_SendByte(AT24C02_ADDRESS);
  35   1              I2C_ReceiveAck();
  36   1              I2C_SendByte(WordAddress);
  37   1              I2C_ReceiveAck();
  38   1              I2C_Start();
  39   1              I2C_SendByte(AT24C02_ADDRESS|0x01);
  40   1              I2C_ReceiveAck();
  41   1              Data=ReceiveByte();
  42   1              I2C_SendAck(1);
  43   1              I2C_Stop();
  44   1      return Data;
  45   1      }
  46          


MODULE INFORMATION:   STATIC OVERLAYABLE
   CODE SIZE        =     84    ----
   CONSTANT SIZE    =   ----    ----
   XDATA SIZE       =   ----    ----
   PDATA SIZE       =   ----    ----
   DATA SIZE        =   ----       5
C51 COMPILER V9.54   AT24C02                                                               02/24/2026 19:52:42 PAGE 2   

   IDATA SIZE       =   ----    ----
   BIT SIZE         =   ----    ----
END OF MODULE INFORMATION.


C51 COMPILATION COMPLETE.  0 WARNING(S),  0 ERROR(S)
