C51 COMPILER V9.54   KEY                                                                   03/04/2026 15:40:49 PAGE 1   


C51 COMPILER V9.54, COMPILATION OF MODULE KEY
OBJECT MODULE PLACED IN .\Objects\Key.obj
COMPILER INVOKED BY: D:\Keli5 51\Keil5\C51\BIN\C51.EXE Key.c OPTIMIZE(8,SPEED) BROWSE DEBUG OBJECTEXTEND PRINT(.\Listing
                    -s\Key.lst) OBJECT(.\Objects\Key.obj)

line level    source

   1          #include <REGX52.H>
   2          #include "Delay.h"
   3          
   4          unsigned char Key_KeyNum,Temp;
   5          /**
   6            * @brief  获取键码值
   7            * @param  参数无
   8            * @retval Temp返回键码值
   9            */
  10          unsigned char Key(void)
  11          {
  12   1              Temp=Key_KeyNum;
  13   1              Key_KeyNum=0;
  14   1              return Temp;
  15   1      
  16   1      }       
  17          /**
  18            * @brief 获取循环中的状态
  19            * @param  无参数
  20            * @retval Keynum是返回的状态
  21            */
  22          unsigned char Key_GetState()
  23          {
  24   1              unsigned char Keynum=0;//没有按按键时为零
  25   1              if(P3_1==0){Keynum=1;}
  26   1              if(P3_0==0){Keynum=2;}
  27   1              if(P3_2==0){Keynum=3;}
  28   1              if(P3_3==0){Keynum=4;}
  29   1              return Keynum;
  30   1      }       
  31          /**
  32            * @brief  在定时器中进行扫描
  33            * @param  无参数
  34            * @retval 无返回值
  35            */
  36          void Key_Loop(void)
  37          {
  38   1              static unsigned char NowState,LastState;
  39   1              LastState=NowState;
  40   1              NowState=Key_GetState();
  41   1              if(LastState==1&&NowState==0)
  42   1              {
  43   2                      Key_KeyNum=1;   
  44   2              }
  45   1              if(LastState==2&&NowState==0)
  46   1              {
  47   2                      Key_KeyNum=2;   
  48   2              }
  49   1              if(LastState==3&&NowState==0)
  50   1              {
  51   2                      Key_KeyNum=3;   
  52   2              }
  53   1              if(LastState==4&&NowState==0)
  54   1              {
C51 COMPILER V9.54   KEY                                                                   03/04/2026 15:40:49 PAGE 2   

  55   2                      Key_KeyNum=4;   
  56   2              }
  57   1      
  58   1      }       


MODULE INFORMATION:   STATIC OVERLAYABLE
   CODE SIZE        =     88    ----
   CONSTANT SIZE    =   ----    ----
   XDATA SIZE       =   ----    ----
   PDATA SIZE       =   ----    ----
   DATA SIZE        =      4    ----
   IDATA SIZE       =   ----    ----
   BIT SIZE         =   ----    ----
END OF MODULE INFORMATION.


C51 COMPILATION COMPLETE.  0 WARNING(S),  0 ERROR(S)
