C51 COMPILER V9.54   NIXIE                                                                 03/04/2026 15:40:49 PAGE 1   


C51 COMPILER V9.54, COMPILATION OF MODULE NIXIE
OBJECT MODULE PLACED IN .\Objects\Nixie.obj
COMPILER INVOKED BY: D:\Keli5 51\Keil5\C51\BIN\C51.EXE Nixie.c OPTIMIZE(8,SPEED) BROWSE DEBUG OBJECTEXTEND PRINT(.\Listi
                    -ngs\Nixie.lst) OBJECT(.\Objects\Nixie.obj)

line level    source

   1          #include <REGX52.H>
   2          #include "Delay.h"
   3          
   4          unsigned char Nixie_Buf[9]={0,10,10,10,10,10,10,10,10};
   5          unsigned char Nixietable[]={0x3F,0x06,0x5B,0x4F,0x66,0x6D,0x7D,0x07,0x7F,0x6F,0x00,0x40};
   6          
   7          /**
   8            * @brief 在Nixie_Buf[]里设定数组的值
   9            * @param  Location是数组位数，Number数组在该位的数值
  10            * @retval 无返回值
  11            */
  12          void Nixie_SetBuf(unsigned char Location,unsigned char Number)
  13          {
  14   1              Nixie_Buf[Location]=Number;
  15   1      }       
  16          
  17          /**
  18            * @brief  获取数码管的状态
  19            * @param  location 获取位选，Number获取段选
  20            * @retval 无返回值
  21            */
  22          void Nixie_Scan(unsigned char location,unsigned char Number)
  23          {
  24   1              P0=0x00;
  25   1              switch(location)
  26   1              {       
  27   2                      case 1:P2_4=0,P2_3=0,P2_2=0;break;
  28   2                      case 2:P2_4=0,P2_3=0,P2_2=1;break;
  29   2                      case 3:P2_4=0,P2_3=1,P2_2=0;break;
  30   2                      case 4:P2_4=0,P2_3=1,P2_2=1;break;
  31   2                      case 5:P2_4=1,P2_3=0,P2_2=0;break;
  32   2                      case 6:P2_4=1,P2_3=0,P2_2=1;break;
  33   2                      case 7:P2_4=1,P2_3=1,P2_2=0;break;
  34   2                      case 8:P2_4=1,P2_3=1,P2_2=1;break;
  35   2              }
  36   1              P0=Nixietable[Number];
  37   1      
  38   1      }
  39          /**
  40            * @brief 扫描数码管
  41            * @param  无参数
  42            * @retval 无返回值
  43            */
  44          void Nixie_Loop(void)
  45          {
  46   1              static unsigned char i=1;
  47   1              Nixie_Scan(i,Nixie_Buf[i]);
  48   1              i++;
  49   1              if(i>8){i=1;}
  50   1      }       


MODULE INFORMATION:   STATIC OVERLAYABLE
   CODE SIZE        =    134    ----
C51 COMPILER V9.54   NIXIE                                                                 03/04/2026 15:40:49 PAGE 2   

   CONSTANT SIZE    =   ----    ----
   XDATA SIZE       =   ----    ----
   PDATA SIZE       =   ----    ----
   DATA SIZE        =     22    ----
   IDATA SIZE       =   ----    ----
   BIT SIZE         =   ----    ----
END OF MODULE INFORMATION.


C51 COMPILATION COMPLETE.  0 WARNING(S),  0 ERROR(S)
