BL51 BANKED LINKER/LOCATER V6.22                                                        03/04/2026  15:40:49  PAGE 1


BL51 BANKED LINKER/LOCATER V6.22, INVOKED BY:
D:\KELI5 51\KEIL5\C51\BIN\BL51.EXE .\Objects\main.obj, .\Objects\Timer0.obj, .\Objects\Key.obj, .\Objects\Nixie.obj, .\O
>> bjects\uart.obj TO .\Objects\project PRINT (.\Listings\project.m51) RAMSIZE (256)


MEMORY MODEL: SMALL


INPUT MODULES INCLUDED:
  .\Objects\main.obj (MAIN)
  .\Objects\Timer0.obj (TIMER0)
  .\Objects\Key.obj (KEY)
  .\Objects\Nixie.obj (NIXIE)
  .\Objects\uart.obj (UART)
  D:\KELI5 51\KEIL5\C51\LIB\C51S.LIB (?C_STARTUP)
  D:\KELI5 51\KEIL5\C51\LIB\C51S.LIB (?C_INIT)


LINK MAP OF MODULE:  .\Objects\project (MAIN)


            TYPE    BASE      LENGTH    RELOCATION   SEGMENT NAME
            -----------------------------------------------------

            * * * * * * *   D A T A   M E M O R Y   * * * * * * *
            REG     0000H     0008H     ABSOLUTE     "REG BANK 0"
            DATA    0008H     0016H     UNIT         ?DT?NIXIE
            DATA    001EH     000CH     UNIT         ?DT?MAIN
            DATA    002AH     0004H     UNIT         ?DT?KEY
            IDATA   002EH     0001H     UNIT         ?STACK

            * * * * * * *   C O D E   M E M O R Y   * * * * * * *
            CODE    0000H     0003H     ABSOLUTE     
            CODE    0003H     0008H     UNIT         ?PR?_UART_SENDBYTE?UART
            CODE    000BH     0003H     ABSOLUTE     
            CODE    000EH     00F9H     UNIT         ?PR?MAIN?MAIN
            CODE    0107H     008CH     UNIT         ?PR?TIMER0_ROUTINE?MAIN
            CODE    0193H     008CH     UNIT         ?C_C51STARTUP
            CODE    021FH     0066H     UNIT         ?PR?_NIXIE_SCAN?NIXIE
            CODE    0285H     0039H     UNIT         ?PR?KEY_LOOP?KEY
            CODE    02BEH     0029H     UNIT         ?PR?SEC_LOOP?MAIN
            CODE    02E7H     001DH     UNIT         ?C_INITSEG
            CODE    0304H     0019H     UNIT         ?PR?NIXIE_LOOP?NIXIE
            CODE    031DH     0017H     UNIT         ?PR?TIMER0INIT?TIMER0
            CODE    0334H     0017H     UNIT         ?PR?UART_INIT?UART
            CODE    034BH     0016H     UNIT         ?PR?KEY_GETSTATE?KEY
            CODE    0361H     0009H     UNIT         ?PR?KEY?KEY
            CODE    036AH     0007H     UNIT         ?PR?_NIXIE_SETBUF?NIXIE



OVERLAY MAP OF MODULE:   .\Objects\project (MAIN)


SEGMENT
  +--> CALLED SEGMENT
---------------------
?PR?TIMER0_ROUTINE?MAIN
BL51 BANKED LINKER/LOCATER V6.22                                                      03/04/2026  15:40:49  PAGE 2


  +--> ?PR?KEY_LOOP?KEY
  +--> ?PR?NIXIE_LOOP?NIXIE
  +--> ?PR?SEC_LOOP?MAIN

?PR?KEY_LOOP?KEY
  +--> ?PR?KEY_GETSTATE?KEY

?PR?NIXIE_LOOP?NIXIE
  +--> ?PR?_NIXIE_SCAN?NIXIE

*** NEW ROOT ***************************************************

?C_C51STARTUP
  +--> ?PR?MAIN?MAIN
  +--> ?C_INITSEG

?PR?MAIN?MAIN
  +--> ?PR?UART_INIT?UART
  +--> ?PR?TIMER0INIT?TIMER0
  +--> ?PR?KEY?KEY
  +--> ?PR?_UART_SENDBYTE?UART
  +--> ?PR?_NIXIE_SETBUF?NIXIE



SYMBOL TABLE OF MODULE:  .\Objects\project (MAIN)

  VALUE           TYPE          NAME
  ----------------------------------

  -------         MODULE        MAIN
  C:0000H         SYMBOL        _ICE_DUMMY_
  C:0107H         PUBLIC        Timer0_Routine
  B:00A0H.6       PUBLIC        P2_6
  C:02BEH         PUBLIC        Sec_Loop
  B:00A0H.7       PUBLIC        P2_7
  D:0024H         PUBLIC        Min
  C:000EH         PUBLIC        main
  D:0025H         PUBLIC        RunFlag
  D:008CH         PUBLIC        TH0
  D:008AH         PUBLIC        TL0
  D:0026H         PUBLIC        KeyNum
  D:0027H         PUBLIC        Second
  D:0028H         PUBLIC        Grade
  D:0029H         PUBLIC        MiniSecond
  -------         PROC          MAIN
  C:000EH         LINE#         10
  C:000EH         LINE#         11
  C:000EH         LINE#         13
  C:0011H         LINE#         14
  C:0014H         LINE#         15
  C:0014H         LINE#         16
  C:0014H         LINE#         17
  C:0019H         LINE#         18
  C:001EH         LINE#         19
  C:001EH         LINE#         20
  C:002AH         LINE#         22
BL51 BANKED LINKER/LOCATER V6.22                                                      03/04/2026  15:40:49  PAGE 3


  C:002AH         LINE#         23
  C:002FH         LINE#         24
  C:002FH         LINE#         25
  C:0032H         LINE#         26
  C:0034H         LINE#         27
  C:0036H         LINE#         28
  C:0038H         LINE#         29
  C:003AH         LINE#         30
  C:003AH         LINE#         31
  C:0040H         LINE#         32
  C:0040H         LINE#         33
  C:0065H         LINE#         34
  C:0065H         LINE#         35
  C:0067H         LINE#         36
  C:0069H         LINE#         37
  C:006CH         LINE#         38
  C:0083H         LINE#         39
  C:0083H         LINE#         40
  C:0083H         LINE#         41
  C:0083H         LINE#         42
  C:0083H         LINE#         43
  C:009AH         LINE#         44
  C:009AH         LINE#         45
  C:009CH         LINE#         46
  C:009EH         LINE#         47
  C:00A1H         LINE#         48
  C:00A1H         LINE#         49
  C:00A1H         LINE#         50
  C:00A6H         LINE#         51
  C:00A6H         LINE#         52
  C:00ABH         LINE#         53
  C:00ABH         LINE#         54
  C:00B7H         LINE#         55
  C:00C4H         LINE#         56
  C:00CBH         LINE#         57
  C:00D7H         LINE#         58
  C:00E4H         LINE#         59
  C:00EBH         LINE#         60
  C:00F7H         LINE#         61
  C:0104H         LINE#         63
  -------         ENDPROC       MAIN
  -------         PROC          SEC_LOOP
  C:02BEH         LINE#         70
  C:02BEH         LINE#         71
  C:02BEH         LINE#         72
  C:02C2H         LINE#         73
  C:02C4H         LINE#         74
  C:02CBH         LINE#         75
  C:02CBH         LINE#         76
  C:02CEH         LINE#         77
  C:02D0H         LINE#         78
  C:02D0H         LINE#         79
  C:02D7H         LINE#         80
  C:02D7H         LINE#         81
  C:02DAH         LINE#         82
  C:02DCH         LINE#         83
  C:02DCH         LINE#         84
BL51 BANKED LINKER/LOCATER V6.22                                                      03/04/2026  15:40:49  PAGE 4


  C:02E3H         LINE#         85
  C:02E6H         LINE#         86
  C:02E6H         LINE#         87
  -------         ENDPROC       SEC_LOOP
  -------         PROC          TIMER0_ROUTINE
  -------         DO            
  D:001EH         SYMBOL        T0count
  D:0020H         SYMBOL        T0count1
  D:0022H         SYMBOL        T0count2
  -------         ENDDO         
  C:0107H         LINE#         93
  C:0124H         LINE#         96
  C:0127H         LINE#         97
  C:012AH         LINE#         98
  C:0132H         LINE#         99
  C:013BH         LINE#         100
  C:013BH         LINE#         101
  C:0141H         LINE#         102
  C:0144H         LINE#         103
  C:0144H         LINE#         104
  C:014CH         LINE#         105
  C:0155H         LINE#         106
  C:0155H         LINE#         107
  C:015BH         LINE#         108
  C:015EH         LINE#         109
  C:015EH         LINE#         110
  C:0166H         LINE#         111
  C:016FH         LINE#         112
  C:016FH         LINE#         113
  C:0175H         LINE#         114
  C:0178H         LINE#         115
  C:0178H         LINE#         117
  -------         ENDPROC       TIMER0_ROUTINE
  -------         ENDMOD        MAIN

  -------         MODULE        TIMER0
  C:0000H         SYMBOL        _ICE_DUMMY_
  B:00A8H.7       PUBLIC        EA
  D:0089H         PUBLIC        TMOD
  B:00A8H.1       PUBLIC        ET0
  B:0088H.5       PUBLIC        TF0
  C:031DH         PUBLIC        Timer0Init
  D:008CH         PUBLIC        TH0
  D:008AH         PUBLIC        TL0
  B:00B8H.1       PUBLIC        PT0
  B:0088H.4       PUBLIC        TR0
  -------         PROC          TIMER0INIT
  C:031DH         LINE#         4
  C:031DH         LINE#         5
  C:031DH         LINE#         7
  C:0320H         LINE#         8
  C:0323H         LINE#         9
  C:0326H         LINE#         10
  C:0329H         LINE#         11
  C:032BH         LINE#         12
  C:032DH         LINE#         13
  C:032FH         LINE#         14
BL51 BANKED LINKER/LOCATER V6.22                                                      03/04/2026  15:40:49  PAGE 5


  C:0331H         LINE#         15
  C:0333H         LINE#         16
  -------         ENDPROC       TIMER0INIT
  -------         ENDMOD        TIMER0

  -------         MODULE        KEY
  C:0000H         SYMBOL        _ICE_DUMMY_
  B:00B0H.0       PUBLIC        P3_0
  B:00B0H.1       PUBLIC        P3_1
  B:00B0H.2       PUBLIC        P3_2
  B:00B0H.3       PUBLIC        P3_3
  D:002CH         PUBLIC        Temp
  C:0285H         PUBLIC        Key_Loop
  C:0361H         PUBLIC        Key
  C:034BH         PUBLIC        Key_GetState
  D:002DH         PUBLIC        Key_KeyNum
  -------         PROC          KEY
  C:0361H         LINE#         10
  C:0361H         LINE#         11
  C:0361H         LINE#         12
  C:0364H         LINE#         13
  C:0367H         LINE#         14
  C:0369H         LINE#         16
  -------         ENDPROC       KEY
  -------         PROC          KEY_GETSTATE
  -------         DO            
  D:0007H         SYMBOL        Keynum
  -------         ENDDO         
  C:034BH         LINE#         22
  C:034BH         LINE#         23
  C:034BH         LINE#         24
  C:034DH         LINE#         25
  C:0351H         LINE#         26
  C:0356H         LINE#         27
  C:035BH         LINE#         28
  C:0360H         LINE#         29
  C:0360H         LINE#         30
  -------         ENDPROC       KEY_GETSTATE
  -------         PROC          KEY_LOOP
  -------         DO            
  D:002AH         SYMBOL        NowState
  D:002BH         SYMBOL        LastState
  -------         ENDDO         
  C:0285H         LINE#         36
  C:0285H         LINE#         37
  C:0285H         LINE#         39
  C:0288H         LINE#         40
  C:028DH         LINE#         41
  C:0296H         LINE#         42
  C:0296H         LINE#         43
  C:0299H         LINE#         44
  C:0299H         LINE#         45
  C:02A2H         LINE#         46
  C:02A2H         LINE#         47
  C:02A5H         LINE#         48
  C:02A5H         LINE#         49
  C:02AEH         LINE#         50
BL51 BANKED LINKER/LOCATER V6.22                                                      03/04/2026  15:40:49  PAGE 6


  C:02AEH         LINE#         51
  C:02B1H         LINE#         52
  C:02B1H         LINE#         53
  C:02BAH         LINE#         54
  C:02BAH         LINE#         55
  C:02BDH         LINE#         56
  C:02BDH         LINE#         58
  -------         ENDPROC       KEY_LOOP
  -------         ENDMOD        KEY

  -------         MODULE        NIXIE
  C:0000H         SYMBOL        _ICE_DUMMY_
  D:0009H         PUBLIC        Nixie_Buf
  D:0080H         PUBLIC        P0
  D:0012H         PUBLIC        Nixietable
  B:00A0H.2       PUBLIC        P2_2
  B:00A0H.3       PUBLIC        P2_3
  B:00A0H.4       PUBLIC        P2_4
  C:036AH         PUBLIC        _Nixie_SetBuf
  C:021FH         PUBLIC        _Nixie_Scan
  C:0304H         PUBLIC        Nixie_Loop
  -------         PROC          _NIXIE_SETBUF
  D:0007H         SYMBOL        Location
  D:0005H         SYMBOL        Number
  C:036AH         LINE#         12
  C:036AH         LINE#         13
  C:036AH         LINE#         14
  C:0370H         LINE#         15
  -------         ENDPROC       _NIXIE_SETBUF
  -------         PROC          _NIXIE_SCAN
  D:0007H         SYMBOL        location
  D:0005H         SYMBOL        Number
  C:021FH         LINE#         22
  C:021FH         LINE#         23
  C:021FH         LINE#         24
  C:0222H         LINE#         25
  C:024FH         LINE#         26
  C:024FH         LINE#         27
  C:0253H         LINE#         28
  C:0257H         LINE#         29
  C:025BH         LINE#         30
  C:025FH         LINE#         31
  C:0267H         LINE#         32
  C:026FH         LINE#         33
  C:0277H         LINE#         34
  C:027DH         LINE#         35
  C:027DH         LINE#         36
  C:0284H         LINE#         38
  -------         ENDPROC       _NIXIE_SCAN
  -------         PROC          NIXIE_LOOP
  -------         DO            
  D:0008H         SYMBOL        i
  -------         ENDDO         
  C:0304H         LINE#         44
  C:0304H         LINE#         45
  C:0304H         LINE#         47
  C:0310H         LINE#         48
BL51 BANKED LINKER/LOCATER V6.22                                                      03/04/2026  15:40:49  PAGE 7


  C:0312H         LINE#         49
  C:031CH         LINE#         50
  -------         ENDPROC       NIXIE_LOOP
  -------         ENDMOD        NIXIE

  -------         MODULE        UART
  C:0000H         SYMBOL        _ICE_DUMMY_
  B:0098H.1       PUBLIC        TI
  D:0099H         PUBLIC        SBUF
  D:0087H         PUBLIC        PCON
  C:0334H         PUBLIC        UART_Init
  D:0098H         PUBLIC        SCON
  D:0089H         PUBLIC        TMOD
  C:0003H         PUBLIC        _UART_SendByte
  B:00A8H.3       PUBLIC        ET1
  D:008DH         PUBLIC        TH1
  D:008BH         PUBLIC        TL1
  B:0088H.6       PUBLIC        TR1
  -------         PROC          UART_INIT
  C:0334H         LINE#         5
  C:0334H         LINE#         6
  C:0334H         LINE#         7
  C:0337H         LINE#         8
  C:033AH         LINE#         9
  C:033DH         LINE#         10
  C:0340H         LINE#         11
  C:0343H         LINE#         12
  C:0346H         LINE#         13
  C:0348H         LINE#         14
  C:034AH         LINE#         16
  -------         ENDPROC       UART_INIT
  -------         PROC          _UART_SENDBYTE
  D:0007H         SYMBOL        Byte
  C:0003H         LINE#         18
  C:0003H         LINE#         19
  C:0003H         LINE#         20
  C:0005H         LINE#         21
  C:0008H         LINE#         22
  C:000AH         LINE#         23
  -------         ENDPROC       _UART_SENDBYTE
  -------         ENDMOD        UART

Program Size: data=47.0 xdata=0 code=881
LINK/LOCATE RUN COMPLETE.  0 WARNING(S),  0 ERROR(S)
