C51 COMPILER V9.54   MAIN                                                                  02/22/2026 23:58:45 PAGE 1   


C51 COMPILER V9.54, COMPILATION OF MODULE MAIN
OBJECT MODULE PLACED IN .\Objects\main.obj
COMPILER INVOKED BY: D:\Keli5 51\Keil5\C51\BIN\C51.EXE main.c OPTIMIZE(8,SPEED) BROWSE DEBUG OBJECTEXTEND PRINT(.\Listin
                    -gs\main.lst) OBJECT(.\Objects\main.obj)

line level    source

   1          #include <REGX52.H>
   2          #include "Timer0.h"
   3          
   4          
   5                  unsigned char i;
   6          void main()
   7          {       P2=0xfe;
   8   1              Timer0Init();
   9   1      while(1)
  10   1              {
  11   2      
  12   2              }
  13   1      
  14   1      }       
  15          void Timer0_Routine() interrupt 1   
  16          {               
  17   1                      static unsigned int T0count;
  18   1                      TL0 = 0x66;             //设置定时初值
  19   1                      TH0 = 0xFC;             //设置定时初值
  20   1                      T0count++;
  21   1                      if(T0count>=1000)
  22   1                      {
  23   2                      T0count=0;
  24   2                      i++;
  25   2                      if(i>7)
  26   2                      {i=0;}  
  27   2                      P2=P2<<i;       
  28   2                      }
  29   1      }               


MODULE INFORMATION:   STATIC OVERLAYABLE
   CODE SIZE        =     84    ----
   CONSTANT SIZE    =   ----    ----
   XDATA SIZE       =   ----    ----
   PDATA SIZE       =   ----    ----
   DATA SIZE        =      3    ----
   IDATA SIZE       =   ----    ----
   BIT SIZE         =   ----    ----
END OF MODULE INFORMATION.


C51 COMPILATION COMPLETE.  0 WARNING(S),  0 ERROR(S)
