BL51 BANKED LINKER/LOCATER V6.22                                                        02/22/2026  23:58:49  PAGE 1


BL51 BANKED LINKER/LOCATER V6.22, INVOKED BY:
D:\KELI5 51\KEIL5\C51\BIN\BL51.EXE .\Objects\main.obj, .\Objects\Timer0.obj TO .\Objects\project PRINT (.\Listings\proje
>> ct.m51) RAMSIZE (256)


MEMORY MODEL: SMALL


INPUT MODULES INCLUDED:
  .\Objects\main.obj (MAIN)
  .\Objects\Timer0.obj (TIMER0)
  D:\KELI5 51\KEIL5\C51\LIB\C51S.LIB (?C_STARTUP)


LINK MAP OF MODULE:  .\Objects\project (MAIN)


            TYPE    BASE      LENGTH    RELOCATION   SEGMENT NAME
            -----------------------------------------------------

            * * * * * * *   D A T A   M E M O R Y   * * * * * * *
            REG     0000H     0008H     ABSOLUTE     "REG BANK 0"
            DATA    0008H     0003H     UNIT         ?DT?MAIN
            IDATA   000BH     0001H     UNIT         ?STACK

            * * * * * * *   C O D E   M E M O R Y   * * * * * * *
            CODE    0000H     0003H     ABSOLUTE     
            CODE    0003H     0008H     UNIT         ?PR?MAIN?MAIN
            CODE    000BH     0003H     ABSOLUTE     
            CODE    000EH     004CH     UNIT         ?PR?TIMER0_ROUTINE?MAIN
            CODE    005AH     0017H     UNIT         ?PR?TIMER0INIT?TIMER0
            CODE    0071H     000CH     UNIT         ?C_C51STARTUP



OVERLAY MAP OF MODULE:   .\Objects\project (MAIN)


SEGMENT
  +--> CALLED SEGMENT
---------------------
?C_C51STARTUP
  +--> ?PR?MAIN?MAIN

?PR?MAIN?MAIN
  +--> ?PR?TIMER0INIT?TIMER0



SYMBOL TABLE OF MODULE:  .\Objects\project (MAIN)

  VALUE           TYPE          NAME
  ----------------------------------

  -------         MODULE        MAIN
  C:0000H         SYMBOL        _ICE_DUMMY_
  C:000EH         PUBLIC        Timer0_Routine
  D:00A0H         PUBLIC        P2
BL51 BANKED LINKER/LOCATER V6.22                                                      02/22/2026  23:58:49  PAGE 2


  C:0003H         PUBLIC        main
  D:008CH         PUBLIC        TH0
  D:008AH         PUBLIC        TL0
  D:000AH         PUBLIC        i
  -------         PROC          MAIN
  C:0003H         LINE#         6
  C:0003H         LINE#         7
  C:0006H         LINE#         8
  C:0009H         LINE#         9
  C:0009H         LINE#         10
  C:0009H         LINE#         12
  -------         ENDPROC       MAIN
  -------         PROC          TIMER0_ROUTINE
  -------         DO            
  D:0008H         SYMBOL        T0count
  -------         ENDDO         
  C:000EH         LINE#         15
  C:0019H         LINE#         18
  C:001CH         LINE#         19
  C:001FH         LINE#         20
  C:0027H         LINE#         21
  C:0030H         LINE#         22
  C:0030H         LINE#         23
  C:0036H         LINE#         24
  C:0038H         LINE#         25
  C:003FH         LINE#         26
  C:0042H         LINE#         27
  C:0051H         LINE#         28
  C:0051H         LINE#         29
  -------         ENDPROC       TIMER0_ROUTINE
  -------         ENDMOD        MAIN

  -------         MODULE        TIMER0
  C:0000H         SYMBOL        _ICE_DUMMY_
  B:00A8H.7       PUBLIC        EA
  D:0089H         PUBLIC        TMOD
  B:00A8H.1       PUBLIC        ET0
  B:0088H.5       PUBLIC        TF0
  C:005AH         PUBLIC        Timer0Init
  D:008CH         PUBLIC        TH0
  D:008AH         PUBLIC        TL0
  B:00B8H.1       PUBLIC        PT0
  B:0088H.4       PUBLIC        TR0
  -------         PROC          TIMER0INIT
  C:005AH         LINE#         4
  C:005AH         LINE#         5
  C:005AH         LINE#         7
  C:005DH         LINE#         8
  C:0060H         LINE#         9
  C:0063H         LINE#         10
  C:0066H         LINE#         11
  C:0068H         LINE#         12
  C:006AH         LINE#         13
  C:006CH         LINE#         14
  C:006EH         LINE#         15
  C:0070H         LINE#         16
  -------         ENDPROC       TIMER0INIT
BL51 BANKED LINKER/LOCATER V6.22                                                      02/22/2026  23:58:49  PAGE 3


  -------         ENDMOD        TIMER0

Program Size: data=12.0 xdata=0 code=125
LINK/LOCATE RUN COMPLETE.  0 WARNING(S),  0 ERROR(S)
