C51 COMPILER V9.54   MAIN                                                                  03/04/2026 13:52:53 PAGE 1   


C51 COMPILER V9.54, COMPILATION OF MODULE MAIN
OBJECT MODULE PLACED IN .\Objects\main.obj
COMPILER INVOKED BY: D:\Keli5 51\Keil5\C51\BIN\C51.EXE main.c OPTIMIZE(8,SPEED) BROWSE DEBUG OBJECTEXTEND PRINT(.\Listin
                    -gs\main.lst) OBJECT(.\Objects\main.obj)

line level    source

   1          #include <REGX52.H>
   2          #include "LCD1602.h" 
   3          #include "Delay.h"
   4          #include "MatrixKey.h"
   5          
   6          unsigned char KeyNum;
   7          unsigned int Password,count;
   8           void main()
   9           {       LCD_Init();
  10   1               LCD_ShowString(1,1,"Password:");LCD_ShowNum(2,1,Password,4);
  11   1      
  12   1               while(1)
  13   1         {
  14   2                 KeyNum=MatrixKey();
  15   2                 if(KeyNum)
  16   2              {       
  17   3                      if(KeyNum<=10)
  18   3                      {
  19   4                              if(count<4)
  20   4                              {
  21   5                              Password*=10;//相当于密码左移一位，不同于二进制 
  22   5                              Password+=KeyNum%10;//将十变为零，获取一位密码
  23   5                              count++;//计次加一
  24   5                              }       
  25   4                              LCD_ShowNum(2,1,Password,4);//更新显示   
  26   4                      }
  27   3                     if(KeyNum==11)
  28   3                              {
  29   4                              if(Password==5200){
  30   5                              LCD_ShowString(1,14,"OK ");
  31   5                              Password=0;
  32   5                              count=0;                
  33   5                              LCD_ShowNum(2,1,Password,4);
  34   5                              P2_0=0; 
  35   5                              }else{
  36   5                              LCD_ShowString(1,14,"ERR");
  37   5                              Password=0;
  38   5                              count=0;                
  39   5                              LCD_ShowNum(2,1,Password,4);                            
  40   5                              }
  41   4                          }
  42   3                              if(KeyNum==12)
  43   3                              {
  44   4                              Password=0;
  45   4                              count=0;
  46   4                              LCD_ShowNum(2,1,Password,4);
  47   4                              LCD_ShowString(1,14,"   ");     
  48   4                              }       
  49   3               }
  50   2         }   
  51   1       }
  52           


C51 COMPILER V9.54   MAIN                                                                  03/04/2026 13:52:53 PAGE 2   

MODULE INFORMATION:   STATIC OVERLAYABLE
   CODE SIZE        =    248    ----
   CONSTANT SIZE    =     22    ----
   XDATA SIZE       =   ----    ----
   PDATA SIZE       =   ----    ----
   DATA SIZE        =      5    ----
   IDATA SIZE       =   ----    ----
   BIT SIZE         =   ----    ----
END OF MODULE INFORMATION.


C51 COMPILATION COMPLETE.  0 WARNING(S),  0 ERROR(S)
