C51 COMPILER V9.54   MATRIXKEY                                                             03/04/2026 13:52:14 PAGE 1   


C51 COMPILER V9.54, COMPILATION OF MODULE MATRIXKEY
OBJECT MODULE PLACED IN .\Objects\MatrixKey.obj
COMPILER INVOKED BY: D:\Keli5 51\Keil5\C51\BIN\C51.EXE MatrixKey.c OPTIMIZE(8,SPEED) BROWSE DEBUG OBJECTEXTEND PRINT(.\L
                    -istings\MatrixKey.lst) OBJECT(.\Objects\MatrixKey.obj)

line level    source

   1          #include <REGX52.H>
   2          #include "Delay.h"//独立按键和矩阵键盘都需要消抖和检测松手
   3          
   4          unsigned char MatrixKey()
   5          {
   6   1              unsigned char KeyNum=0;
   7   1              P1=0xFF;
   8   1              P1_0=0;
   9   1              if(P1_4==0){Delay(20);while(P1_4==0);Delay(20);KeyNum=16;}
  10   1              if(P1_5==0){Delay(20);while(P1_5==0);Delay(20);KeyNum=12;}
  11   1              if(P1_6==0){Delay(20);while(P1_6==0);Delay(20);KeyNum=8;}
  12   1              if(P1_7==0){Delay(20);while(P1_7==0);Delay(20);KeyNum=4;}
  13   1              
  14   1              P1=0xFF;
  15   1              P1_1=0;
  16   1              if(P1_4==0){Delay(20);while(P1_4==0);Delay(20);KeyNum=15;}
  17   1              if(P1_5==0){Delay(20);while(P1_5==0);Delay(20);KeyNum=11;}
  18   1              if(P1_6==0){Delay(20);while(P1_6==0);Delay(20);KeyNum=7;}
  19   1              if(P1_7==0){Delay(20);while(P1_7==0);Delay(20);KeyNum=3;}
  20   1              
  21   1              P1=0xFF;
  22   1              P1_2=0;
  23   1              if(P1_4==0){Delay(20);while(P1_4==0);Delay(20);KeyNum=14;}
  24   1              if(P1_5==0){Delay(20);while(P1_5==0);Delay(20);KeyNum=10;}
  25   1              if(P1_6==0){Delay(20);while(P1_6==0);Delay(20);KeyNum=6;}
  26   1              if(P1_7==0){Delay(20);while(P1_7==0);Delay(20);KeyNum=2;}
  27   1              
  28   1              P1=0xFF;
  29   1              P1_3=0;
  30   1              if(P1_4==0){Delay(20);while(P1_4==0);Delay(20);KeyNum=13;}
  31   1              if(P1_5==0){Delay(20);while(P1_5==0);Delay(20);KeyNum=9;}
  32   1              if(P1_6==0){Delay(20);while(P1_6==0);Delay(20);KeyNum=5;}
  33   1              if(P1_7==0){Delay(20);while(P1_7==0);Delay(20);KeyNum=1;}
  34   1              return KeyNum;
  35   1      }


MODULE INFORMATION:   STATIC OVERLAYABLE
   CODE SIZE        =    393    ----
   CONSTANT SIZE    =   ----    ----
   XDATA SIZE       =   ----    ----
   PDATA SIZE       =   ----    ----
   DATA SIZE        =   ----       1
   IDATA SIZE       =   ----    ----
   BIT SIZE         =   ----    ----
END OF MODULE INFORMATION.


C51 COMPILATION COMPLETE.  0 WARNING(S),  0 ERROR(S)
