BL51 BANKED LINKER/LOCATER V6.22                                                        03/04/2026  13:52:54  PAGE 1


BL51 BANKED LINKER/LOCATER V6.22, INVOKED BY:
D:\KELI5 51\KEIL5\C51\BIN\BL51.EXE .\Objects\main.obj, .\Objects\Delay.obj, .\Objects\LCD1602.obj, .\Objects\MatrixKey.o
>> bj TO .\Objects\Project PRINT (.\Listings\Project.m51) RAMSIZE (256)


MEMORY MODEL: SMALL


INPUT MODULES INCLUDED:
  .\Objects\main.obj (MAIN)
  .\Objects\Delay.obj (DELAY)
  .\Objects\LCD1602.obj (LCD1602)
  .\Objects\MatrixKey.obj (MATRIXKEY)
  D:\KELI5 51\KEIL5\C51\LIB\C51S.LIB (?C_STARTUP)
  D:\KELI5 51\KEIL5\C51\LIB\C51S.LIB (?C?CLDOPTR)
  D:\KELI5 51\KEIL5\C51\LIB\C51S.LIB (?C?IMUL)
  D:\KELI5 51\KEIL5\C51\LIB\C51S.LIB (?C?UIDIV)


LINK MAP OF MODULE:  .\Objects\Project (MAIN)


            TYPE    BASE      LENGTH    RELOCATION   SEGMENT NAME
            -----------------------------------------------------

            * * * * * * *   D A T A   M E M O R Y   * * * * * * *
            REG     0000H     0008H     ABSOLUTE     "REG BANK 0"
            DATA    0008H     0009H     UNIT         _DATA_GROUP_
            DATA    0011H     0007H     UNIT         ?DT?_LCD_SHOWSIGNEDNUM?LCD1602
            DATA    0018H     0005H     UNIT         ?DT?MAIN
            DATA    001DH     0005H     UNIT         ?DT?_LCD_SHOWHEXNUM?LCD1602
            DATA    0022H     0005H     UNIT         ?DT?_LCD_SHOWBINNUM?LCD1602
            IDATA   0027H     0001H     UNIT         ?STACK

            * * * * * * *   C O D E   M E M O R Y   * * * * * * *
            CODE    0000H     0003H     ABSOLUTE     
            CODE    0003H     0189H     UNIT         ?PR?MATRIXKEY?MATRIXKEY
            CODE    018CH     00F8H     UNIT         ?PR?MAIN?MAIN
            CODE    0284H     0094H     UNIT         ?C?LIB_CODE
            CODE    0318H     003AH     UNIT         ?PR?_LCD_SHOWSIGNEDNUM?LCD1602
            CODE    0352H     0039H     UNIT         ?PR?_LCD_SHOWHEXNUM?LCD1602
            CODE    038BH     0038H     UNIT         ?PR?_LCD_SHOWBINNUM?LCD1602
            CODE    03C3H     0033H     UNIT         ?PR?_LCD_POW?LCD1602
            CODE    03F6H     0023H     UNIT         ?PR?_LCD_SHOWSTRING?LCD1602
            CODE    0419H     001EH     UNIT         ?PR?_LCD_WRITEDATA?LCD1602
            CODE    0437H     001DH     UNIT         ?PR?_LCD_SHOWNUM?LCD1602
            CODE    0454H     0016H     UNIT         ?CO?MAIN
            CODE    046AH     0016H     UNIT         ?PR?_LCD_SETCURSOR?LCD1602
            CODE    0480H     0015H     UNIT         ?PR?_DELAY?DELAY
            CODE    0495H     0014H     UNIT         ?PR?LCD_INIT?LCD1602
            CODE    04A9H     000FH     UNIT         ?PR?LCD_DELAY?LCD1602
            CODE    04B8H     000CH     UNIT         ?C_C51STARTUP
            CODE    04C4H     000AH     UNIT         ?PR?_LCD_WRITECOMMAND?LCD1602
            CODE    04CEH     000AH     UNIT         ?PR?_LCD_SHOWCHAR?LCD1602



OVERLAY MAP OF MODULE:   .\Objects\Project (MAIN)
BL51 BANKED LINKER/LOCATER V6.22                                                      03/04/2026  13:52:54  PAGE 2




SEGMENT                                  DATA_GROUP 
  +--> CALLED SEGMENT                  START    LENGTH
------------------------------------------------------
?C_C51STARTUP                          -----    -----
  +--> ?PR?MAIN?MAIN

?PR?MAIN?MAIN                          -----    -----
  +--> ?PR?LCD_INIT?LCD1602
  +--> ?CO?MAIN
  +--> ?PR?_LCD_SHOWSTRING?LCD1602
  +--> ?PR?_LCD_SHOWNUM?LCD1602
  +--> ?PR?MATRIXKEY?MATRIXKEY

?PR?LCD_INIT?LCD1602                   -----    -----
  +--> ?PR?_LCD_WRITECOMMAND?LCD1602

?PR?_LCD_WRITECOMMAND?LCD1602          -----    -----
  +--> ?PR?LCD_DELAY?LCD1602

?PR?_LCD_SHOWSTRING?LCD1602            0008H    0003H
  +--> ?PR?_LCD_SETCURSOR?LCD1602
  +--> ?PR?_LCD_WRITEDATA?LCD1602

?PR?_LCD_SETCURSOR?LCD1602             -----    -----
  +--> ?PR?_LCD_WRITECOMMAND?LCD1602

?PR?_LCD_WRITEDATA?LCD1602             -----    -----
  +--> ?PR?LCD_DELAY?LCD1602

?PR?_LCD_SHOWNUM?LCD1602               0008H    0005H
  +--> ?PR?_LCD_SETCURSOR?LCD1602
  +--> ?PR?_LCD_POW?LCD1602
  +--> ?PR?_LCD_WRITEDATA?LCD1602

?PR?_LCD_POW?LCD1602                   000DH    0004H

?PR?MATRIXKEY?MATRIXKEY                0008H    0001H
  +--> ?PR?_DELAY?DELAY



SYMBOL TABLE OF MODULE:  .\Objects\Project (MAIN)

  VALUE           TYPE          NAME
  ----------------------------------

  -------         MODULE        MAIN
  C:0000H         SYMBOL        _ICE_DUMMY_
  B:00A0H.0       PUBLIC        P2_0
  C:018CH         PUBLIC        main
  D:0018H         PUBLIC        count
  D:001AH         PUBLIC        Password
  D:001CH         PUBLIC        KeyNum
  -------         PROC          MAIN
  C:018CH         LINE#         8
BL51 BANKED LINKER/LOCATER V6.22                                                      03/04/2026  13:52:54  PAGE 3


  C:018CH         LINE#         9
  C:018FH         LINE#         10
  C:01AAH         LINE#         12
  C:01AAH         LINE#         13
  C:01AAH         LINE#         14
  C:01AFH         LINE#         15
  C:01B3H         LINE#         16
  C:01B3H         LINE#         17
  C:01B8H         LINE#         18
  C:01B8H         LINE#         19
  C:01C3H         LINE#         20
  C:01C3H         LINE#         21
  C:01D2H         LINE#         22
  C:01E3H         LINE#         23
  C:01EBH         LINE#         24
  C:01EBH         LINE#         25
  C:01F9H         LINE#         26
  C:01F9H         LINE#         27
  C:01FFH         LINE#         28
  C:01FFH         LINE#         29
  C:020DH         LINE#         30
  C:0218H         LINE#         31
  C:021DH         LINE#         32
  C:0221H         LINE#         33
  C:022FH         LINE#         34
  C:0231H         LINE#         35
  C:0233H         LINE#         36
  C:023EH         LINE#         37
  C:0243H         LINE#         38
  C:0247H         LINE#         39
  C:0255H         LINE#         40
  C:0255H         LINE#         41
  C:0255H         LINE#         42
  C:025EH         LINE#         43
  C:025EH         LINE#         44
  C:0262H         LINE#         45
  C:0266H         LINE#         46
  C:0274H         LINE#         47
  C:0281H         LINE#         48
  C:0281H         LINE#         49
  C:0281H         LINE#         50
  -------         ENDPROC       MAIN
  -------         ENDMOD        MAIN

  -------         MODULE        DELAY
  C:0000H         SYMBOL        _ICE_DUMMY_
  C:0480H         PUBLIC        _Delay
  -------         PROC          _DELAY
  D:0006H         SYMBOL        xms
  -------         DO            
  D:0005H         SYMBOL        i
  D:0004H         SYMBOL        j
  -------         ENDDO         
  C:0480H         LINE#         3
  C:0480H         LINE#         4
  C:0480H         LINE#         6
  C:048AH         LINE#         7
BL51 BANKED LINKER/LOCATER V6.22                                                      03/04/2026  13:52:54  PAGE 4


  C:048AH         LINE#         10
  C:048CH         LINE#         11
  C:048EH         LINE#         13
  C:048EH         LINE#         14
  C:0490H         LINE#         15
  C:0492H         LINE#         16
  C:0494H         LINE#         17
  -------         ENDPROC       _DELAY
  -------         ENDMOD        DELAY

  -------         MODULE        LCD1602
  C:0000H         SYMBOL        _ICE_DUMMY_
  D:0080H         PUBLIC        P0
  D:00A0H         PUBLIC        P2
  C:04C4H         PUBLIC        _LCD_WriteCommand
  C:0437H         PUBLIC        _LCD_ShowNum
  C:038BH         PUBLIC        _LCD_ShowBinNum
  C:04AFH         PUBLIC        LCD_Delay
  C:0352H         PUBLIC        _LCD_ShowHexNum
  C:042DH         PUBLIC        _LCD_WriteData
  B:00A0H.7       PUBLIC        LCD_EN
  C:0495H         PUBLIC        LCD_Init
  C:03F6H         PUBLIC        _LCD_ShowString
  C:04CEH         PUBLIC        _LCD_ShowChar
  B:00A0H.6       PUBLIC        LCD_RS
  B:00A0H.5       PUBLIC        LCD_RW
  C:046AH         PUBLIC        _LCD_SetCursor
  C:0318H         PUBLIC        _LCD_ShowSignedNum
  C:03CFH         PUBLIC        _LCD_Pow
  -------         PROC          L?0048
  -------         ENDPROC       L?0048
  -------         PROC          LCD_DELAY
  -------         DO            
  D:0007H         SYMBOL        i
  D:0006H         SYMBOL        j
  -------         ENDDO         
  C:04AFH         LINE#         15
  C:04AFH         LINE#         16
  C:04AFH         LINE#         19
  C:04B1H         LINE#         20
  C:04B3H         LINE#         22
  C:04B3H         LINE#         23
  C:04B5H         LINE#         24
  C:04B7H         LINE#         25
  -------         ENDPROC       LCD_DELAY
  -------         PROC          _LCD_WRITECOMMAND
  D:0007H         SYMBOL        Command
  C:04C4H         LINE#         32
  C:04C4H         LINE#         33
  C:04C4H         LINE#         34
  C:04C6H         LINE#         35
  C:04C6H         LINE#         36
  C:04C6H         LINE#         37
  C:04C6H         LINE#         38
  C:04C9H         LINE#         39
  C:04CBH         LINE#         40
  -------         ENDPROC       _LCD_WRITECOMMAND
BL51 BANKED LINKER/LOCATER V6.22                                                      03/04/2026  13:52:54  PAGE 5


  -------         PROC          L?0047
  -------         ENDPROC       L?0047
  -------         PROC          _LCD_WRITEDATA
  D:0007H         SYMBOL        Data
  C:042DH         LINE#         48
  C:042DH         LINE#         49
  C:042DH         LINE#         50
  C:042FH         LINE#         51
  C:042FH         LINE#         52
  C:042FH         LINE#         53
  C:042FH         LINE#         54
  C:0432H         LINE#         55
  C:0434H         LINE#         56
  -------         ENDPROC       _LCD_WRITEDATA
  -------         PROC          _LCD_SETCURSOR
  D:0006H         SYMBOL        Line
  D:0005H         SYMBOL        Column
  C:046AH         LINE#         65
  C:046CH         LINE#         66
  C:046CH         LINE#         67
  C:046FH         LINE#         68
  C:046FH         LINE#         69
  C:0471H         LINE#         70
  C:0473H         LINE#         71
  C:0476H         LINE#         72
  C:0476H         LINE#         73
  C:047FH         LINE#         74
  C:047FH         LINE#         75
  -------         ENDPROC       _LCD_SETCURSOR
  -------         PROC          LCD_INIT
  C:0495H         LINE#         82
  C:0495H         LINE#         83
  C:0495H         LINE#         84
  C:049AH         LINE#         85
  C:049FH         LINE#         86
  C:04A4H         LINE#         87
  -------         ENDPROC       LCD_INIT
  -------         PROC          _LCD_SHOWCHAR
  D:0006H         SYMBOL        Line
  D:0005H         SYMBOL        Column
  D:0004H         SYMBOL        Char
  C:04CEH         LINE#         97
  C:04D0H         LINE#         98
  C:04D0H         LINE#         99
  C:04D3H         LINE#         100
  -------         ENDPROC       _LCD_SHOWCHAR
  -------         PROC          _LCD_SHOWSTRING
  D:0007H         SYMBOL        Line
  D:0005H         SYMBOL        Column
  D:0008H         SYMBOL        String
  -------         DO            
  D:0005H         SYMBOL        i
  -------         ENDDO         
  C:03F6H         LINE#         110
  C:03FCH         LINE#         111
  C:03FCH         LINE#         113
  C:03FFH         LINE#         114
BL51 BANKED LINKER/LOCATER V6.22                                                      03/04/2026  13:52:54  PAGE 6


  C:0412H         LINE#         115
  C:0412H         LINE#         116
  C:0415H         LINE#         117
  C:0418H         LINE#         118
  -------         ENDPROC       _LCD_SHOWSTRING
  C:03C5H         SYMBOL        L?0046
  -------         PROC          L?0045
  -------         ENDPROC       L?0045
  C:03C5H         SYMBOL        L?0046
  -------         PROC          _LCD_POW
  D:000DH         SYMBOL        X
  D:000FH         SYMBOL        Y
  -------         DO            
  D:0003H         SYMBOL        i
  D:0006H         SYMBOL        Result
  -------         ENDDO         
  C:03CFH         LINE#         123
  C:03D7H         LINE#         124
  C:03D7H         LINE#         126
  C:03DBH         LINE#         127
  C:03EBH         LINE#         128
  C:03EBH         LINE#         129
  C:03F2H         LINE#         130
  C:03F5H         LINE#         131
  C:03F5H         LINE#         132
  -------         ENDPROC       _LCD_POW
  -------         PROC          _LCD_SHOWNUM
  D:0007H         SYMBOL        Line
  D:0005H         SYMBOL        Column
  D:000AH         SYMBOL        Number
  D:000CH         SYMBOL        Length
  -------         DO            
  D:0002H         SYMBOL        i
  -------         ENDDO         
  C:0437H         LINE#         142
  C:043BH         LINE#         143
  C:043BH         LINE#         145
  C:043EH         LINE#         146
  C:0446H         LINE#         147
  C:0446H         LINE#         148
  C:0450H         LINE#         149
  C:0453H         LINE#         150
  -------         ENDPROC       _LCD_SHOWNUM
  -------         PROC          _LCD_SHOWSIGNEDNUM
  D:0007H         SYMBOL        Line
  D:0005H         SYMBOL        Column
  D:0002H         SYMBOL        Number
  D:0015H         SYMBOL        Length
  -------         DO            
  D:0002H         SYMBOL        i
  D:0016H         SYMBOL        Number1
  -------         ENDDO         
  C:0318H         LINE#         160
  C:0318H         LINE#         161
  C:0318H         LINE#         164
  C:031BH         LINE#         165
  C:0323H         LINE#         166
BL51 BANKED LINKER/LOCATER V6.22                                                      03/04/2026  13:52:54  PAGE 7


  C:0323H         LINE#         167
  C:0328H         LINE#         168
  C:032CH         LINE#         169
  C:032EH         LINE#         171
  C:032EH         LINE#         172
  C:0333H         LINE#         173
  C:033CH         LINE#         174
  C:033CH         LINE#         175
  C:0344H         LINE#         176
  C:0344H         LINE#         177
  C:034EH         LINE#         178
  C:0351H         LINE#         179
  -------         ENDPROC       _LCD_SHOWSIGNEDNUM
  -------         PROC          _LCD_SHOWHEXNUM
  D:0007H         SYMBOL        Line
  D:0005H         SYMBOL        Column
  D:001FH         SYMBOL        Number
  D:0021H         SYMBOL        Length
  -------         DO            
  D:0002H         SYMBOL        i
  D:0006H         SYMBOL        SingleNumber
  -------         ENDDO         
  C:0352H         LINE#         189
  C:0356H         LINE#         190
  C:0356H         LINE#         192
  C:0359H         LINE#         193
  C:0361H         LINE#         194
  C:0361H         LINE#         195
  C:0377H         LINE#         196
  C:037DH         LINE#         197
  C:037DH         LINE#         198
  C:037FH         LINE#         199
  C:0381H         LINE#         201
  C:0381H         LINE#         202
  C:0387H         LINE#         203
  C:0387H         LINE#         204
  C:038AH         LINE#         205
  -------         ENDPROC       _LCD_SHOWHEXNUM
  -------         PROC          _LCD_SHOWBINNUM
  D:0007H         SYMBOL        Line
  D:0005H         SYMBOL        Column
  D:0024H         SYMBOL        Number
  D:0026H         SYMBOL        Length
  -------         DO            
  D:0002H         SYMBOL        i
  -------         ENDDO         
  C:038BH         LINE#         215
  C:038FH         LINE#         216
  C:038FH         LINE#         218
  C:0392H         LINE#         219
  C:039AH         LINE#         220
  C:039AH         LINE#         221
  C:03BFH         LINE#         222
  C:03C2H         LINE#         223
  -------         ENDPROC       _LCD_SHOWBINNUM
  -------         ENDMOD        LCD1602

BL51 BANKED LINKER/LOCATER V6.22                                                      03/04/2026  13:52:54  PAGE 8


  -------         MODULE        MATRIXKEY
  C:0000H         SYMBOL        _ICE_DUMMY_
  D:0090H         PUBLIC        P1
  B:0090H.0       PUBLIC        P1_0
  B:0090H.1       PUBLIC        P1_1
  B:0090H.2       PUBLIC        P1_2
  B:0090H.3       PUBLIC        P1_3
  B:0090H.4       PUBLIC        P1_4
  B:0090H.5       PUBLIC        P1_5
  B:0090H.6       PUBLIC        P1_6
  B:0090H.7       PUBLIC        P1_7
  C:0003H         PUBLIC        MatrixKey
  -------         PROC          MATRIXKEY
  -------         DO            
  D:0008H         SYMBOL        KeyNum
  -------         ENDDO         
  C:0003H         LINE#         4
  C:0003H         LINE#         5
  C:0003H         LINE#         6
  C:0006H         LINE#         7
  C:0009H         LINE#         8
  C:000BH         LINE#         9
  C:0021H         LINE#         10
  C:0038H         LINE#         11
  C:004FH         LINE#         12
  C:0066H         LINE#         14
  C:0069H         LINE#         15
  C:006BH         LINE#         16
  C:0082H         LINE#         17
  C:0099H         LINE#         18
  C:00B0H         LINE#         19
  C:00C7H         LINE#         21
  C:00CAH         LINE#         22
  C:00CCH         LINE#         23
  C:00E3H         LINE#         24
  C:00FAH         LINE#         25
  C:0111H         LINE#         26
  C:0128H         LINE#         28
  C:012BH         LINE#         29
  C:012DH         LINE#         30
  C:0144H         LINE#         31
  C:015BH         LINE#         32
  C:0172H         LINE#         33
  C:0189H         LINE#         34
  C:018BH         LINE#         35
  -------         ENDPROC       MATRIXKEY
  -------         ENDMOD        MATRIXKEY

  -------         MODULE        ?C?CLDOPTR
  C:0284H         PUBLIC        ?C?CLDOPTR
  -------         ENDMOD        ?C?CLDOPTR

  -------         MODULE        ?C?IMUL
  C:02B1H         PUBLIC        ?C?IMUL
  -------         ENDMOD        ?C?IMUL

  -------         MODULE        ?C?UIDIV
BL51 BANKED LINKER/LOCATER V6.22                                                      03/04/2026  13:52:54  PAGE 9


  C:02C3H         PUBLIC        ?C?UIDIV
  -------         ENDMOD        ?C?UIDIV

*** WARNING L16: UNCALLED SEGMENT, IGNORED FOR OVERLAY PROCESS
    SEGMENT: ?PR?_LCD_SHOWCHAR?LCD1602

*** WARNING L16: UNCALLED SEGMENT, IGNORED FOR OVERLAY PROCESS
    SEGMENT: ?PR?_LCD_SHOWSIGNEDNUM?LCD1602

*** WARNING L16: UNCALLED SEGMENT, IGNORED FOR OVERLAY PROCESS
    SEGMENT: ?PR?_LCD_SHOWHEXNUM?LCD1602

*** WARNING L16: UNCALLED SEGMENT, IGNORED FOR OVERLAY PROCESS
    SEGMENT: ?PR?_LCD_SHOWBINNUM?LCD1602

Program Size: data=40.0 xdata=0 code=1240
LINK/LOCATE RUN COMPLETE.  4 WARNING(S),  0 ERROR(S)
